
Note: No compatibility mode selected!


Circuit: * spdx-license-identifier: agpl-3.0-only

Doing analysis at TEMP = 27.000000 and TNOM = 27.000000

Using SPARSE 1.3 as Direct Linear Solver

Initial Transient Solution
--------------------------

Node                                   Voltage
----                                   -------
vdd                                        1.8
vss                                          0
in                                           0
out                                        1.8
vin#branch                                   0
vss#branch                            1.81e-12
vdd#branch                           -1.81e-12


No. of Data Rows : 2032
                    * spdx-license-identifier: agpl-3.0-only
                    Transient Analysis  Sat Oct  3 20:06:56  2026
--------------------------------------------------------------------------------
Index   time            v(in)           v(out)          
--------------------------------------------------------------------------------
0	0.000000e+00	0.000000e+00	1.800000e+00	
1	1.000000e-13	0.000000e+00	1.800000e+00	
2	2.000000e-13	0.000000e+00	1.800000e+00	
3	4.000000e-13	0.000000e+00	1.800000e+00	
4	8.000000e-13	0.000000e+00	1.800000e+00	
5	1.600000e-12	0.000000e+00	1.800000e+00	
6	3.200000e-12	0.000000e+00	1.800000e+00	
7	6.400000e-12	0.000000e+00	1.800000e+00	
8	1.280000e-11	0.000000e+00	1.800000e+00	
9	2.280000e-11	0.000000e+00	1.800000e+00	
10	3.280000e-11	0.000000e+00	1.800000e+00	
11	4.280000e-11	0.000000e+00	1.800000e+00	
12	5.280000e-11	0.000000e+00	1.800000e+00	
13	6.280000e-11	0.000000e+00	1.800000e+00	
14	7.280000e-11	0.000000e+00	1.800000e+00	
15	8.280000e-11	0.000000e+00	1.800000e+00	
16	9.280000e-11	0.000000e+00	1.800000e+00	
17	1.028000e-10	0.000000e+00	1.800000e+00	
18	1.128000e-10	0.000000e+00	1.800000e+00	
19	1.228000e-10	0.000000e+00	1.800000e+00	
20	1.328000e-10	0.000000e+00	1.800000e+00	
21	1.428000e-10	0.000000e+00	1.800000e+00	
22	1.528000e-10	0.000000e+00	1.800000e+00	
23	1.628000e-10	0.000000e+00	1.800000e+00	
24	1.728000e-10	0.000000e+00	1.800000e+00	
25	1.828000e-10	0.000000e+00	1.800000e+00	
26	1.928000e-10	0.000000e+00	1.800000e+00	
27	2.028000e-10	0.000000e+00	1.800000e+00	
28	2.128000e-10	0.000000e+00	1.800000e+00	
29	2.228000e-10	0.000000e+00	1.800000e+00	
30	2.328000e-10	0.000000e+00	1.800000e+00	
31	2.428000e-10	0.000000e+00	1.800000e+00	
32	2.528000e-10	0.000000e+00	1.800000e+00	
33	2.628000e-10	0.000000e+00	1.800000e+00	
34	2.728000e-10	0.000000e+00	1.800000e+00	
35	2.828000e-10	0.000000e+00	1.800000e+00	
36	2.928000e-10	0.000000e+00	1.800000e+00	
37	3.028000e-10	0.000000e+00	1.800000e+00	
38	3.128000e-10	0.000000e+00	1.800000e+00	
39	3.228000e-10	0.000000e+00	1.800000e+00	
40	3.328000e-10	0.000000e+00	1.800000e+00	
41	3.428000e-10	0.000000e+00	1.800000e+00	
42	3.528000e-10	0.000000e+00	1.800000e+00	
43	3.628000e-10	0.000000e+00	1.800000e+00	
44	3.728000e-10	0.000000e+00	1.800000e+00	
45	3.828000e-10	0.000000e+00	1.800000e+00	
46	3.928000e-10	0.000000e+00	1.800000e+00	
47	4.028000e-10	0.000000e+00	1.800000e+00	
48	4.128000e-10	0.000000e+00	1.800000e+00	
49	4.228000e-10	0.000000e+00	1.800000e+00	
50	4.328000e-10	0.000000e+00	1.800000e+00	
51	4.428000e-10	0.000000e+00	1.800000e+00	
52	4.528000e-10	0.000000e+00	1.800000e+00	
53	4.628000e-10	0.000000e+00	1.800000e+00	
54	4.728000e-10	0.000000e+00	1.800000e+00	

Index   time            v(in)           v(out)          
--------------------------------------------------------------------------------
55	4.828000e-10	0.000000e+00	1.800000e+00	
56	4.928000e-10	0.000000e+00	1.800000e+00	
57	5.028000e-10	0.000000e+00	1.800000e+00	
58	5.128000e-10	0.000000e+00	1.800000e+00	
59	5.228000e-10	0.000000e+00	1.800000e+00	
60	5.328000e-10	0.000000e+00	1.800000e+00	
61	5.428000e-10	0.000000e+00	1.800000e+00	
62	5.528000e-10	0.000000e+00	1.800000e+00	
63	5.628000e-10	0.000000e+00	1.800000e+00	
64	5.728000e-10	0.000000e+00	1.800000e+00	
65	5.828000e-10	0.000000e+00	1.800000e+00	
66	5.928000e-10	0.000000e+00	1.800000e+00	
67	6.028000e-10	0.000000e+00	1.800000e+00	
68	6.128000e-10	0.000000e+00	1.800000e+00	
69	6.228000e-10	0.000000e+00	1.800000e+00	
70	6.328000e-10	0.000000e+00	1.800000e+00	
71	6.428000e-10	0.000000e+00	1.800000e+00	
72	6.528000e-10	0.000000e+00	1.800000e+00	
73	6.628000e-10	0.000000e+00	1.800000e+00	
74	6.728000e-10	0.000000e+00	1.800000e+00	
75	6.828000e-10	0.000000e+00	1.800000e+00	
76	6.928000e-10	0.000000e+00	1.800000e+00	
77	7.028000e-10	0.000000e+00	1.800000e+00	
78	7.128000e-10	0.000000e+00	1.800000e+00	
79	7.228000e-10	0.000000e+00	1.800000e+00	
80	7.328000e-10	0.000000e+00	1.800000e+00	
81	7.428000e-10	0.000000e+00	1.800000e+00	
82	7.528000e-10	0.000000e+00	1.800000e+00	
83	7.628000e-10	0.000000e+00	1.800000e+00	
84	7.728000e-10	0.000000e+00	1.800000e+00	
85	7.828000e-10	0.000000e+00	1.800000e+00	
86	7.928000e-10	0.000000e+00	1.800000e+00	
87	8.028000e-10	0.000000e+00	1.800000e+00	
88	8.128000e-10	0.000000e+00	1.800000e+00	
89	8.228000e-10	0.000000e+00	1.800000e+00	
90	8.328000e-10	0.000000e+00	1.800000e+00	
91	8.428000e-10	0.000000e+00	1.800000e+00	
92	8.528000e-10	0.000000e+00	1.800000e+00	
93	8.628000e-10	0.000000e+00	1.800000e+00	
94	8.728000e-10	0.000000e+00	1.800000e+00	
95	8.828000e-10	0.000000e+00	1.800000e+00	
96	8.928000e-10	0.000000e+00	1.800000e+00	
97	9.028000e-10	0.000000e+00	1.800000e+00	
98	9.128000e-10	0.000000e+00	1.800000e+00	
99	9.228000e-10	0.000000e+00	1.800000e+00	
100	9.328000e-10	0.000000e+00	1.800000e+00	
101	9.428000e-10	0.000000e+00	1.800000e+00	
102	9.528000e-10	0.000000e+00	1.800000e+00	
103	9.628000e-10	0.000000e+00	1.800000e+00	
104	9.728000e-10	0.000000e+00	1.800000e+00	
105	9.828000e-10	0.000000e+00	1.800000e+00	
106	9.928000e-10	0.000000e+00	1.800000e+00	
107	1.000000e-09	0.000000e+00	1.800000e+00	
108	1.001000e-09	1.800000e-02	1.809842e+00	
109	1.003000e-09	5.400000e-02	1.820842e+00	
110	1.007000e-09	1.260000e-01	1.823435e+00	
111	1.015000e-09	2.700000e-01	1.826070e+00	
112	1.025000e-09	4.500000e-01	1.831394e+00	

Index   time            v(in)           v(out)          
--------------------------------------------------------------------------------
113	1.035000e-09	6.300000e-01	1.825790e+00	
114	1.045000e-09	8.100000e-01	1.744789e+00	
115	1.055000e-09	9.900000e-01	7.000605e-01	
116	1.065000e-09	1.170000e+00	-4.80890e-02	
117	1.075000e-09	1.350000e+00	5.780323e-02	
118	1.085000e-09	1.530000e+00	-2.01122e-02	
119	1.095000e-09	1.710000e+00	2.889789e-02	
120	1.100000e-09	1.800000e+00	-6.63561e-03	
121	1.101000e-09	1.800000e+00	-1.89058e-03	
122	1.103000e-09	1.800000e+00	8.148215e-04	
123	1.107000e-09	1.800000e+00	-5.43747e-04	
124	1.115000e-09	1.800000e+00	4.454724e-04	
125	1.125000e-09	1.800000e+00	-3.79557e-04	
126	1.135000e-09	1.800000e+00	3.223526e-04	
127	1.145000e-09	1.800000e+00	-2.76589e-04	
128	1.155000e-09	1.800000e+00	2.345391e-04	
129	1.165000e-09	1.800000e+00	-2.00875e-04	
130	1.175000e-09	1.800000e+00	1.705824e-04	
131	1.185000e-09	1.800000e+00	-1.45903e-04	
132	1.195000e-09	1.800000e+00	1.240321e-04	
133	1.205000e-09	1.800000e+00	-1.05983e-04	
134	1.215000e-09	1.800000e+00	9.016721e-05	
135	1.225000e-09	1.800000e+00	-7.69892e-05	
136	1.235000e-09	1.800000e+00	6.553936e-05	
137	1.245000e-09	1.800000e+00	-5.59295e-05	
138	1.255000e-09	1.800000e+00	4.763360e-05	
139	1.265000e-09	1.800000e+00	-4.06313e-05	
140	1.275000e-09	1.800000e+00	3.461756e-05	
141	1.285000e-09	1.800000e+00	-2.95178e-05	
142	1.295000e-09	1.800000e+00	2.515721e-05	
143	1.305000e-09	1.800000e+00	-2.14440e-05	
144	1.315000e-09	1.800000e+00	1.828189e-05	
145	1.325000e-09	1.800000e+00	-1.55784e-05	
146	1.335000e-09	1.800000e+00	1.328560e-05	
147	1.345000e-09	1.800000e+00	-1.13168e-05	
148	1.355000e-09	1.800000e+00	9.654973e-06	
149	1.365000e-09	1.800000e+00	-8.22066e-06	
150	1.375000e-09	1.800000e+00	7.016832e-06	
151	1.385000e-09	1.800000e+00	-5.97117e-06	
152	1.395000e-09	1.800000e+00	5.099916e-06	
153	1.405000e-09	1.800000e+00	-4.33681e-06	
154	1.415000e-09	1.800000e+00	3.707082e-06	
155	1.425000e-09	1.800000e+00	-3.14936e-06	
156	1.435000e-09	1.800000e+00	2.695061e-06	
157	1.445000e-09	1.800000e+00	-2.28662e-06	
158	1.455000e-09	1.800000e+00	1.959743e-06	
159	1.465000e-09	1.800000e+00	-1.65978e-06	
160	1.475000e-09	1.800000e+00	1.425476e-06	
161	1.485000e-09	1.800000e+00	-1.20435e-06	
162	1.495000e-09	1.800000e+00	1.037292e-06	
163	1.505000e-09	1.800000e+00	-8.73447e-07	
164	1.515000e-09	1.800000e+00	7.552484e-07	
165	1.525000e-09	1.800000e+00	-6.33028e-07	
166	1.535000e-09	1.800000e+00	5.503242e-07	
167	1.545000e-09	1.800000e+00	-4.58348e-07	
168	1.555000e-09	1.800000e+00	4.014328e-07	
169	1.565000e-09	1.800000e+00	-3.31433e-07	
170	1.575000e-09	1.800000e+00	2.932533e-07	

Index   time            v(in)           v(out)          
--------------------------------------------------------------------------------
171	1.585000e-09	1.800000e+00	-2.39221e-07	
172	1.595000e-09	1.800000e+00	2.146538e-07	
173	1.605000e-09	1.800000e+00	-1.72223e-07	
174	1.615000e-09	1.800000e+00	1.575461e-07	
175	1.625000e-09	1.800000e+00	-1.23544e-07	
176	1.635000e-09	1.800000e+00	1.160536e-07	
177	1.645000e-09	1.800000e+00	-8.81766e-08	
178	1.655000e-09	1.800000e+00	8.590667e-08	
179	1.665000e-09	1.800000e+00	-6.24796e-08	
180	1.675000e-09	1.800000e+00	6.400298e-08	
181	1.685000e-09	1.800000e+00	-4.38092e-08	
182	1.695000e-09	1.800000e+00	4.808854e-08	
183	1.705000e-09	1.800000e+00	-3.02439e-08	
184	1.715000e-09	1.800000e+00	3.652567e-08	
185	1.725000e-09	1.800000e+00	-2.03878e-08	
186	1.735000e-09	1.800000e+00	2.812452e-08	
187	1.745000e-09	1.800000e+00	-1.32268e-08	
188	1.755000e-09	1.800000e+00	2.202054e-08	
189	1.765000e-09	1.800000e+00	-8.02381e-09	
190	1.775000e-09	1.800000e+00	1.758561e-08	
191	1.785000e-09	1.800000e+00	-4.24353e-09	
192	1.795000e-09	1.800000e+00	1.436334e-08	
193	1.805000e-09	1.800000e+00	-1.49691e-09	
194	1.815000e-09	1.800000e+00	1.202217e-08	
195	1.825000e-09	1.800000e+00	4.986795e-10	
196	1.835000e-09	1.800000e+00	1.032115e-08	
197	1.845000e-09	1.800000e+00	1.948603e-09	
198	1.855000e-09	1.800000e+00	9.085256e-09	
199	1.865000e-09	1.800000e+00	3.002065e-09	
200	1.875000e-09	1.800000e+00	8.187298e-09	
201	1.885000e-09	1.800000e+00	3.767472e-09	
202	1.895000e-09	1.800000e+00	7.534875e-09	
203	1.905000e-09	1.800000e+00	4.323590e-09	
204	1.915000e-09	1.800000e+00	7.060848e-09	
205	1.925000e-09	1.800000e+00	4.727644e-09	
206	1.935000e-09	1.800000e+00	6.716437e-09	
207	1.945000e-09	1.800000e+00	5.021216e-09	
208	1.955000e-09	1.800000e+00	6.466200e-09	
209	1.965000e-09	1.800000e+00	5.234514e-09	
210	1.975000e-09	1.800000e+00	6.284388e-09	
211	1.985000e-09	1.800000e+00	5.389489e-09	
212	1.995000e-09	1.800000e+00	6.152289e-09	
213	2.005000e-09	1.800000e+00	5.502088e-09	
214	2.015000e-09	1.800000e+00	6.056311e-09	
215	2.025000e-09	1.800000e+00	5.583899e-09	
216	2.035000e-09	1.800000e+00	5.986577e-09	
217	2.045000e-09	1.800000e+00	5.643339e-09	
218	2.055000e-09	1.800000e+00	5.935911e-09	
219	2.065000e-09	1.800000e+00	5.686526e-09	
220	2.075000e-09	1.800000e+00	5.899098e-09	
221	2.085000e-09	1.800000e+00	5.717905e-09	
222	2.095000e-09	1.800000e+00	5.872352e-09	
223	2.105000e-09	1.800000e+00	5.740703e-09	
224	2.115000e-09	1.800000e+00	5.852919e-09	
225	2.125000e-09	1.800000e+00	5.757268e-09	
226	2.135000e-09	1.800000e+00	5.838799e-09	
227	2.145000e-09	1.800000e+00	5.769303e-09	
228	2.155000e-09	1.800000e+00	5.828541e-09	

Index   time            v(in)           v(out)          
--------------------------------------------------------------------------------
229	2.165000e-09	1.800000e+00	5.778047e-09	
230	2.175000e-09	1.800000e+00	5.821087e-09	
231	2.185000e-09	1.800000e+00	5.784400e-09	
232	2.195000e-09	1.800000e+00	5.815672e-09	
233	2.205000e-09	1.800000e+00	5.789016e-09	
234	2.215000e-09	1.800000e+00	5.811737e-09	
235	2.225000e-09	1.800000e+00	5.792370e-09	
236	2.235000e-09	1.800000e+00	5.808878e-09	
237	2.245000e-09	1.800000e+00	5.794807e-09	
238	2.255000e-09	1.800000e+00	5.806801e-09	
239	2.265000e-09	1.800000e+00	5.796577e-09	
240	2.275000e-09	1.800000e+00	5.805292e-09	
241	2.285000e-09	1.800000e+00	5.797864e-09	
242	2.295000e-09	1.800000e+00	5.804196e-09	
243	2.305000e-09	1.800000e+00	5.798799e-09	
244	2.315000e-09	1.800000e+00	5.803399e-09	
245	2.325000e-09	1.800000e+00	5.799478e-09	
246	2.335000e-09	1.800000e+00	5.802820e-09	
247	2.345000e-09	1.800000e+00	5.799971e-09	
248	2.355000e-09	1.800000e+00	5.802400e-09	
249	2.365000e-09	1.800000e+00	5.800329e-09	
250	2.375000e-09	1.800000e+00	5.802094e-09	
251	2.385000e-09	1.800000e+00	5.800590e-09	
252	2.395000e-09	1.800000e+00	5.801872e-09	
253	2.405000e-09	1.800000e+00	5.800779e-09	
254	2.415000e-09	1.800000e+00	5.801711e-09	
255	2.425000e-09	1.800000e+00	5.800917e-09	
256	2.435000e-09	1.800000e+00	5.801593e-09	
257	2.445000e-09	1.800000e+00	5.801017e-09	
258	2.455000e-09	1.800000e+00	5.801508e-09	
259	2.465000e-09	1.800000e+00	5.801089e-09	
260	2.475000e-09	1.800000e+00	5.801446e-09	
261	2.485000e-09	1.800000e+00	5.801142e-09	
262	2.495000e-09	1.800000e+00	5.801402e-09	
263	2.505000e-09	1.800000e+00	5.801180e-09	
264	2.515000e-09	1.800000e+00	5.801369e-09	
265	2.525000e-09	1.800000e+00	5.801208e-09	
266	2.535000e-09	1.800000e+00	5.801345e-09	
267	2.545000e-09	1.800000e+00	5.801228e-09	
268	2.555000e-09	1.800000e+00	5.801328e-09	
269	2.565000e-09	1.800000e+00	5.801243e-09	
270	2.575000e-09	1.800000e+00	5.801315e-09	
271	2.585000e-09	1.800000e+00	5.801254e-09	
272	2.595000e-09	1.800000e+00	5.801306e-09	
273	2.605000e-09	1.800000e+00	5.801261e-09	
274	2.615000e-09	1.800000e+00	5.801300e-09	
275	2.625000e-09	1.800000e+00	5.801267e-09	
276	2.635000e-09	1.800000e+00	5.801295e-09	
277	2.645000e-09	1.800000e+00	5.801271e-09	
278	2.655000e-09	1.800000e+00	5.801291e-09	
279	2.665000e-09	1.800000e+00	5.801274e-09	
280	2.675000e-09	1.800000e+00	5.801289e-09	
281	2.685000e-09	1.800000e+00	5.801276e-09	
282	2.695000e-09	1.800000e+00	5.801287e-09	
283	2.705000e-09	1.800000e+00	5.801278e-09	
284	2.715000e-09	1.800000e+00	5.801286e-09	
285	2.725000e-09	1.800000e+00	5.801279e-09	
286	2.735000e-09	1.800000e+00	5.801285e-09	

Index   time            v(in)           v(out)          
--------------------------------------------------------------------------------
287	2.745000e-09	1.800000e+00	5.801280e-09	
288	2.755000e-09	1.800000e+00	5.801284e-09	
289	2.765000e-09	1.800000e+00	5.801280e-09	
290	2.775000e-09	1.800000e+00	5.801283e-09	
291	2.785000e-09	1.800000e+00	5.801281e-09	
292	2.795000e-09	1.800000e+00	5.801283e-09	
293	2.805000e-09	1.800000e+00	5.801281e-09	
294	2.815000e-09	1.800000e+00	5.801283e-09	
295	2.825000e-09	1.800000e+00	5.801281e-09	
296	2.835000e-09	1.800000e+00	5.801283e-09	
297	2.845000e-09	1.800000e+00	5.801282e-09	
298	2.855000e-09	1.800000e+00	5.801282e-09	
299	2.865000e-09	1.800000e+00	5.801282e-09	
300	2.875000e-09	1.800000e+00	5.801282e-09	
301	2.885000e-09	1.800000e+00	5.801282e-09	
302	2.895000e-09	1.800000e+00	5.801282e-09	
303	2.905000e-09	1.800000e+00	5.801282e-09	
304	2.915000e-09	1.800000e+00	5.801282e-09	
305	2.925000e-09	1.800000e+00	5.801282e-09	
306	2.935000e-09	1.800000e+00	5.801282e-09	
307	2.945000e-09	1.800000e+00	5.801282e-09	
308	2.955000e-09	1.800000e+00	5.801282e-09	
309	2.965000e-09	1.800000e+00	5.801282e-09	
310	2.975000e-09	1.800000e+00	5.801282e-09	
311	2.985000e-09	1.800000e+00	5.801282e-09	
312	2.995000e-09	1.800000e+00	5.801282e-09	
313	3.005000e-09	1.800000e+00	5.801282e-09	
314	3.015000e-09	1.800000e+00	5.801282e-09	
315	3.025000e-09	1.800000e+00	5.801282e-09	
316	3.035000e-09	1.800000e+00	5.801282e-09	
317	3.045000e-09	1.800000e+00	5.801282e-09	
318	3.055000e-09	1.800000e+00	5.801282e-09	
319	3.065000e-09	1.800000e+00	5.801282e-09	
320	3.075000e-09	1.800000e+00	5.801282e-09	
321	3.085000e-09	1.800000e+00	5.801282e-09	
322	3.095000e-09	1.800000e+00	5.801282e-09	
323	3.105000e-09	1.800000e+00	5.801282e-09	
324	3.115000e-09	1.800000e+00	5.801282e-09	
325	3.125000e-09	1.800000e+00	5.801282e-09	
326	3.135000e-09	1.800000e+00	5.801282e-09	
327	3.145000e-09	1.800000e+00	5.801282e-09	
328	3.155000e-09	1.800000e+00	5.801282e-09	
329	3.165000e-09	1.800000e+00	5.801282e-09	
330	3.175000e-09	1.800000e+00	5.801282e-09	
331	3.185000e-09	1.800000e+00	5.801282e-09	
332	3.195000e-09	1.800000e+00	5.801282e-09	
333	3.205000e-09	1.800000e+00	5.801282e-09	
334	3.215000e-09	1.800000e+00	5.801282e-09	
335	3.225000e-09	1.800000e+00	5.801282e-09	
336	3.235000e-09	1.800000e+00	5.801282e-09	
337	3.245000e-09	1.800000e+00	5.801282e-09	
338	3.255000e-09	1.800000e+00	5.801282e-09	
339	3.265000e-09	1.800000e+00	5.801282e-09	
340	3.275000e-09	1.800000e+00	5.801282e-09	
341	3.285000e-09	1.800000e+00	5.801282e-09	
342	3.295000e-09	1.800000e+00	5.801282e-09	
343	3.305000e-09	1.800000e+00	5.801282e-09	
344	3.315000e-09	1.800000e+00	5.801282e-09	

Index   time            v(in)           v(out)          
--------------------------------------------------------------------------------
345	3.325000e-09	1.800000e+00	5.801282e-09	
346	3.335000e-09	1.800000e+00	5.801282e-09	
347	3.345000e-09	1.800000e+00	5.801282e-09	
348	3.355000e-09	1.800000e+00	5.801282e-09	
349	3.365000e-09	1.800000e+00	5.801282e-09	
350	3.375000e-09	1.800000e+00	5.801282e-09	
351	3.385000e-09	1.800000e+00	5.801282e-09	
352	3.395000e-09	1.800000e+00	5.801282e-09	
353	3.405000e-09	1.800000e+00	5.801282e-09	
354	3.415000e-09	1.800000e+00	5.801282e-09	
355	3.425000e-09	1.800000e+00	5.801282e-09	
356	3.435000e-09	1.800000e+00	5.801282e-09	
357	3.445000e-09	1.800000e+00	5.801282e-09	
358	3.455000e-09	1.800000e+00	5.801282e-09	
359	3.465000e-09	1.800000e+00	5.801282e-09	
360	3.475000e-09	1.800000e+00	5.801282e-09	
361	3.485000e-09	1.800000e+00	5.801282e-09	
362	3.495000e-09	1.800000e+00	5.801282e-09	
363	3.505000e-09	1.800000e+00	5.801282e-09	
364	3.515000e-09	1.800000e+00	5.801282e-09	
365	3.525000e-09	1.800000e+00	5.801282e-09	
366	3.535000e-09	1.800000e+00	5.801282e-09	
367	3.545000e-09	1.800000e+00	5.801282e-09	
368	3.555000e-09	1.800000e+00	5.801282e-09	
369	3.565000e-09	1.800000e+00	5.801282e-09	
370	3.575000e-09	1.800000e+00	5.801282e-09	
371	3.585000e-09	1.800000e+00	5.801282e-09	
372	3.595000e-09	1.800000e+00	5.801282e-09	
373	3.605000e-09	1.800000e+00	5.801282e-09	
374	3.615000e-09	1.800000e+00	5.801282e-09	
375	3.625000e-09	1.800000e+00	5.801282e-09	
376	3.635000e-09	1.800000e+00	5.801282e-09	
377	3.645000e-09	1.800000e+00	5.801282e-09	
378	3.655000e-09	1.800000e+00	5.801282e-09	
379	3.665000e-09	1.800000e+00	5.801282e-09	
380	3.675000e-09	1.800000e+00	5.801282e-09	
381	3.685000e-09	1.800000e+00	5.801282e-09	
382	3.695000e-09	1.800000e+00	5.801282e-09	
383	3.705000e-09	1.800000e+00	5.801282e-09	
384	3.715000e-09	1.800000e+00	5.801282e-09	
385	3.725000e-09	1.800000e+00	5.801282e-09	
386	3.735000e-09	1.800000e+00	5.801282e-09	
387	3.745000e-09	1.800000e+00	5.801282e-09	
388	3.755000e-09	1.800000e+00	5.801282e-09	
389	3.765000e-09	1.800000e+00	5.801282e-09	
390	3.775000e-09	1.800000e+00	5.801282e-09	
391	3.785000e-09	1.800000e+00	5.801282e-09	
392	3.795000e-09	1.800000e+00	5.801282e-09	
393	3.805000e-09	1.800000e+00	5.801282e-09	
394	3.815000e-09	1.800000e+00	5.801282e-09	
395	3.825000e-09	1.800000e+00	5.801282e-09	
396	3.835000e-09	1.800000e+00	5.801282e-09	
397	3.845000e-09	1.800000e+00	5.801282e-09	
398	3.855000e-09	1.800000e+00	5.801282e-09	
399	3.865000e-09	1.800000e+00	5.801282e-09	
400	3.875000e-09	1.800000e+00	5.801282e-09	
401	3.885000e-09	1.800000e+00	5.801282e-09	
402	3.895000e-09	1.800000e+00	5.801282e-09	

Index   time            v(in)           v(out)          
--------------------------------------------------------------------------------
403	3.905000e-09	1.800000e+00	5.801282e-09	
404	3.915000e-09	1.800000e+00	5.801282e-09	
405	3.925000e-09	1.800000e+00	5.801282e-09	
406	3.935000e-09	1.800000e+00	5.801282e-09	
407	3.945000e-09	1.800000e+00	5.801282e-09	
408	3.955000e-09	1.800000e+00	5.801282e-09	
409	3.965000e-09	1.800000e+00	5.801282e-09	
410	3.975000e-09	1.800000e+00	5.801282e-09	
411	3.985000e-09	1.800000e+00	5.801282e-09	
412	3.995000e-09	1.800000e+00	5.801282e-09	
413	4.005000e-09	1.800000e+00	5.801282e-09	
414	4.015000e-09	1.800000e+00	5.801282e-09	
415	4.025000e-09	1.800000e+00	5.801282e-09	
416	4.035000e-09	1.800000e+00	5.801282e-09	
417	4.045000e-09	1.800000e+00	5.801282e-09	
418	4.055000e-09	1.800000e+00	5.801282e-09	
419	4.065000e-09	1.800000e+00	5.801282e-09	
420	4.075000e-09	1.800000e+00	5.801282e-09	
421	4.085000e-09	1.800000e+00	5.801282e-09	
422	4.095000e-09	1.800000e+00	5.801282e-09	
423	4.105000e-09	1.800000e+00	5.801282e-09	
424	4.115000e-09	1.800000e+00	5.801282e-09	
425	4.125000e-09	1.800000e+00	5.801282e-09	
426	4.135000e-09	1.800000e+00	5.801282e-09	
427	4.145000e-09	1.800000e+00	5.801282e-09	
428	4.155000e-09	1.800000e+00	5.801282e-09	
429	4.165000e-09	1.800000e+00	5.801282e-09	
430	4.175000e-09	1.800000e+00	5.801282e-09	
431	4.185000e-09	1.800000e+00	5.801282e-09	
432	4.195000e-09	1.800000e+00	5.801282e-09	
433	4.205000e-09	1.800000e+00	5.801282e-09	
434	4.215000e-09	1.800000e+00	5.801282e-09	
435	4.225000e-09	1.800000e+00	5.801282e-09	
436	4.235000e-09	1.800000e+00	5.801282e-09	
437	4.245000e-09	1.800000e+00	5.801282e-09	
438	4.255000e-09	1.800000e+00	5.801282e-09	
439	4.265000e-09	1.800000e+00	5.801282e-09	
440	4.275000e-09	1.800000e+00	5.801282e-09	
441	4.285000e-09	1.800000e+00	5.801282e-09	
442	4.295000e-09	1.800000e+00	5.801282e-09	
443	4.305000e-09	1.800000e+00	5.801282e-09	
444	4.315000e-09	1.800000e+00	5.801282e-09	
445	4.325000e-09	1.800000e+00	5.801282e-09	
446	4.335000e-09	1.800000e+00	5.801282e-09	
447	4.345000e-09	1.800000e+00	5.801282e-09	
448	4.355000e-09	1.800000e+00	5.801282e-09	
449	4.365000e-09	1.800000e+00	5.801282e-09	
450	4.375000e-09	1.800000e+00	5.801282e-09	
451	4.385000e-09	1.800000e+00	5.801282e-09	
452	4.395000e-09	1.800000e+00	5.801282e-09	
453	4.405000e-09	1.800000e+00	5.801282e-09	
454	4.415000e-09	1.800000e+00	5.801282e-09	
455	4.425000e-09	1.800000e+00	5.801282e-09	
456	4.435000e-09	1.800000e+00	5.801282e-09	
457	4.445000e-09	1.800000e+00	5.801282e-09	
458	4.455000e-09	1.800000e+00	5.801282e-09	
459	4.465000e-09	1.800000e+00	5.801282e-09	
460	4.475000e-09	1.800000e+00	5.801282e-09	

Index   time            v(in)           v(out)          
--------------------------------------------------------------------------------
461	4.485000e-09	1.800000e+00	5.801282e-09	
462	4.495000e-09	1.800000e+00	5.801282e-09	
463	4.505000e-09	1.800000e+00	5.801282e-09	
464	4.515000e-09	1.800000e+00	5.801282e-09	
465	4.525000e-09	1.800000e+00	5.801282e-09	
466	4.535000e-09	1.800000e+00	5.801282e-09	
467	4.545000e-09	1.800000e+00	5.801282e-09	
468	4.555000e-09	1.800000e+00	5.801282e-09	
469	4.565000e-09	1.800000e+00	5.801282e-09	
470	4.575000e-09	1.800000e+00	5.801282e-09	
471	4.585000e-09	1.800000e+00	5.801282e-09	
472	4.595000e-09	1.800000e+00	5.801282e-09	
473	4.605000e-09	1.800000e+00	5.801282e-09	
474	4.615000e-09	1.800000e+00	5.801282e-09	
475	4.625000e-09	1.800000e+00	5.801282e-09	
476	4.635000e-09	1.800000e+00	5.801282e-09	
477	4.645000e-09	1.800000e+00	5.801282e-09	
478	4.655000e-09	1.800000e+00	5.801282e-09	
479	4.665000e-09	1.800000e+00	5.801282e-09	
480	4.675000e-09	1.800000e+00	5.801282e-09	
481	4.685000e-09	1.800000e+00	5.801282e-09	
482	4.695000e-09	1.800000e+00	5.801282e-09	
483	4.705000e-09	1.800000e+00	5.801282e-09	
484	4.715000e-09	1.800000e+00	5.801282e-09	
485	4.725000e-09	1.800000e+00	5.801282e-09	
486	4.735000e-09	1.800000e+00	5.801282e-09	
487	4.745000e-09	1.800000e+00	5.801282e-09	
488	4.755000e-09	1.800000e+00	5.801282e-09	
489	4.765000e-09	1.800000e+00	5.801282e-09	
490	4.775000e-09	1.800000e+00	5.801282e-09	
491	4.785000e-09	1.800000e+00	5.801282e-09	
492	4.795000e-09	1.800000e+00	5.801282e-09	
493	4.805000e-09	1.800000e+00	5.801282e-09	
494	4.815000e-09	1.800000e+00	5.801282e-09	
495	4.825000e-09	1.800000e+00	5.801282e-09	
496	4.835000e-09	1.800000e+00	5.801282e-09	
497	4.845000e-09	1.800000e+00	5.801282e-09	
498	4.855000e-09	1.800000e+00	5.801282e-09	
499	4.865000e-09	1.800000e+00	5.801282e-09	
500	4.875000e-09	1.800000e+00	5.801282e-09	
501	4.885000e-09	1.800000e+00	5.801282e-09	
502	4.895000e-09	1.800000e+00	5.801282e-09	
503	4.905000e-09	1.800000e+00	5.801282e-09	
504	4.915000e-09	1.800000e+00	5.801282e-09	
505	4.925000e-09	1.800000e+00	5.801282e-09	
506	4.935000e-09	1.800000e+00	5.801282e-09	
507	4.945000e-09	1.800000e+00	5.801282e-09	
508	4.955000e-09	1.800000e+00	5.801282e-09	
509	4.965000e-09	1.800000e+00	5.801282e-09	
510	4.975000e-09	1.800000e+00	5.801282e-09	
511	4.985000e-09	1.800000e+00	5.801282e-09	
512	4.995000e-09	1.800000e+00	5.801282e-09	
513	5.005000e-09	1.800000e+00	5.801282e-09	
514	5.015000e-09	1.800000e+00	5.801282e-09	
515	5.025000e-09	1.800000e+00	5.801282e-09	
516	5.035000e-09	1.800000e+00	5.801282e-09	
517	5.045000e-09	1.800000e+00	5.801282e-09	
518	5.055000e-09	1.800000e+00	5.801282e-09	

Index   time            v(in)           v(out)          
--------------------------------------------------------------------------------
519	5.065000e-09	1.800000e+00	5.801282e-09	
520	5.075000e-09	1.800000e+00	5.801282e-09	
521	5.085000e-09	1.800000e+00	5.801282e-09	
522	5.095000e-09	1.800000e+00	5.801282e-09	
523	5.105000e-09	1.800000e+00	5.801282e-09	
524	5.115000e-09	1.800000e+00	5.801282e-09	
525	5.125000e-09	1.800000e+00	5.801282e-09	
526	5.135000e-09	1.800000e+00	5.801282e-09	
527	5.145000e-09	1.800000e+00	5.801282e-09	
528	5.155000e-09	1.800000e+00	5.801282e-09	
529	5.165000e-09	1.800000e+00	5.801282e-09	
530	5.175000e-09	1.800000e+00	5.801282e-09	
531	5.185000e-09	1.800000e+00	5.801282e-09	
532	5.195000e-09	1.800000e+00	5.801282e-09	
533	5.205000e-09	1.800000e+00	5.801282e-09	
534	5.215000e-09	1.800000e+00	5.801282e-09	
535	5.225000e-09	1.800000e+00	5.801282e-09	
536	5.235000e-09	1.800000e+00	5.801282e-09	
537	5.245000e-09	1.800000e+00	5.801282e-09	
538	5.255000e-09	1.800000e+00	5.801282e-09	
539	5.265000e-09	1.800000e+00	5.801282e-09	
540	5.275000e-09	1.800000e+00	5.801282e-09	
541	5.285000e-09	1.800000e+00	5.801282e-09	
542	5.295000e-09	1.800000e+00	5.801282e-09	
543	5.305000e-09	1.800000e+00	5.801282e-09	
544	5.315000e-09	1.800000e+00	5.801282e-09	
545	5.325000e-09	1.800000e+00	5.801282e-09	
546	5.335000e-09	1.800000e+00	5.801282e-09	
547	5.345000e-09	1.800000e+00	5.801282e-09	
548	5.355000e-09	1.800000e+00	5.801282e-09	
549	5.365000e-09	1.800000e+00	5.801282e-09	
550	5.375000e-09	1.800000e+00	5.801282e-09	
551	5.385000e-09	1.800000e+00	5.801282e-09	
552	5.395000e-09	1.800000e+00	5.801282e-09	
553	5.405000e-09	1.800000e+00	5.801282e-09	
554	5.415000e-09	1.800000e+00	5.801282e-09	
555	5.425000e-09	1.800000e+00	5.801282e-09	
556	5.435000e-09	1.800000e+00	5.801282e-09	
557	5.445000e-09	1.800000e+00	5.801282e-09	
558	5.455000e-09	1.800000e+00	5.801282e-09	
559	5.465000e-09	1.800000e+00	5.801282e-09	
560	5.475000e-09	1.800000e+00	5.801282e-09	
561	5.485000e-09	1.800000e+00	5.801282e-09	
562	5.495000e-09	1.800000e+00	5.801282e-09	
563	5.505000e-09	1.800000e+00	5.801282e-09	
564	5.515000e-09	1.800000e+00	5.801282e-09	
565	5.525000e-09	1.800000e+00	5.801282e-09	
566	5.535000e-09	1.800000e+00	5.801282e-09	
567	5.545000e-09	1.800000e+00	5.801282e-09	
568	5.555000e-09	1.800000e+00	5.801282e-09	
569	5.565000e-09	1.800000e+00	5.801282e-09	
570	5.575000e-09	1.800000e+00	5.801282e-09	
571	5.585000e-09	1.800000e+00	5.801282e-09	
572	5.595000e-09	1.800000e+00	5.801282e-09	
573	5.605000e-09	1.800000e+00	5.801282e-09	
574	5.615000e-09	1.800000e+00	5.801282e-09	
575	5.625000e-09	1.800000e+00	5.801282e-09	
576	5.635000e-09	1.800000e+00	5.801282e-09	

Index   time            v(in)           v(out)          
--------------------------------------------------------------------------------
577	5.645000e-09	1.800000e+00	5.801282e-09	
578	5.655000e-09	1.800000e+00	5.801282e-09	
579	5.665000e-09	1.800000e+00	5.801282e-09	
580	5.675000e-09	1.800000e+00	5.801282e-09	
581	5.685000e-09	1.800000e+00	5.801282e-09	
582	5.695000e-09	1.800000e+00	5.801282e-09	
583	5.705000e-09	1.800000e+00	5.801282e-09	
584	5.715000e-09	1.800000e+00	5.801282e-09	
585	5.725000e-09	1.800000e+00	5.801282e-09	
586	5.735000e-09	1.800000e+00	5.801282e-09	
587	5.745000e-09	1.800000e+00	5.801282e-09	
588	5.755000e-09	1.800000e+00	5.801282e-09	
589	5.765000e-09	1.800000e+00	5.801282e-09	
590	5.775000e-09	1.800000e+00	5.801282e-09	
591	5.785000e-09	1.800000e+00	5.801282e-09	
592	5.795000e-09	1.800000e+00	5.801282e-09	
593	5.805000e-09	1.800000e+00	5.801282e-09	
594	5.815000e-09	1.800000e+00	5.801282e-09	
595	5.825000e-09	1.800000e+00	5.801282e-09	
596	5.835000e-09	1.800000e+00	5.801282e-09	
597	5.845000e-09	1.800000e+00	5.801282e-09	
598	5.855000e-09	1.800000e+00	5.801282e-09	
599	5.865000e-09	1.800000e+00	5.801282e-09	
600	5.875000e-09	1.800000e+00	5.801282e-09	
601	5.885000e-09	1.800000e+00	5.801282e-09	
602	5.895000e-09	1.800000e+00	5.801282e-09	
603	5.905000e-09	1.800000e+00	5.801282e-09	
604	5.915000e-09	1.800000e+00	5.801282e-09	
605	5.925000e-09	1.800000e+00	5.801282e-09	
606	5.935000e-09	1.800000e+00	5.801282e-09	
607	5.945000e-09	1.800000e+00	5.801282e-09	
608	5.955000e-09	1.800000e+00	5.801282e-09	
609	5.965000e-09	1.800000e+00	5.801282e-09	
610	5.975000e-09	1.800000e+00	5.801282e-09	
611	5.985000e-09	1.800000e+00	5.801282e-09	
612	5.995000e-09	1.800000e+00	5.801282e-09	
613	6.005000e-09	1.800000e+00	5.801282e-09	
614	6.015000e-09	1.800000e+00	5.801282e-09	
615	6.025000e-09	1.800000e+00	5.801282e-09	
616	6.035000e-09	1.800000e+00	5.801282e-09	
617	6.045000e-09	1.800000e+00	5.801282e-09	
618	6.055000e-09	1.800000e+00	5.801282e-09	
619	6.065000e-09	1.800000e+00	5.801282e-09	
620	6.075000e-09	1.800000e+00	5.801282e-09	
621	6.085000e-09	1.800000e+00	5.801282e-09	
622	6.095000e-09	1.800000e+00	5.801282e-09	
623	6.100000e-09	1.800000e+00	5.801282e-09	
624	6.101000e-09	1.782000e+00	-5.17060e-03	
625	6.103000e-09	1.746000e+00	-8.30607e-03	
626	6.107000e-09	1.674000e+00	-7.25334e-03	
627	6.115000e-09	1.530000e+00	-9.49233e-03	
628	6.125000e-09	1.350000e+00	-1.02421e-02	
629	6.135000e-09	1.170000e+00	-6.61717e-03	
630	6.145000e-09	9.900000e-01	4.271606e-02	
631	6.155000e-09	8.100000e-01	7.791147e-01	
632	6.165000e-09	6.300000e-01	1.619782e+00	
633	6.175000e-09	4.500000e-01	1.787810e+00	
634	6.185000e-09	2.700000e-01	1.762980e+00	

Index   time            v(in)           v(out)          
--------------------------------------------------------------------------------
635	6.195000e-09	9.000000e-02	1.780573e+00	
636	6.200000e-09	0.000000e+00	1.776767e+00	
637	6.201000e-09	0.000000e+00	1.787350e+00	
638	6.203000e-09	0.000000e+00	1.798859e+00	
639	6.207000e-09	0.000000e+00	1.800287e+00	
640	6.215000e-09	0.000000e+00	1.799845e+00	
641	6.225000e-09	0.000000e+00	1.800095e+00	
642	6.235000e-09	0.000000e+00	1.799942e+00	
643	6.245000e-09	0.000000e+00	1.800036e+00	
644	6.255000e-09	0.000000e+00	1.799978e+00	
645	6.265000e-09	0.000000e+00	1.800014e+00	
646	6.275000e-09	0.000000e+00	1.799992e+00	
647	6.285000e-09	0.000000e+00	1.800005e+00	
648	6.295000e-09	0.000000e+00	1.799997e+00	
649	6.305000e-09	0.000000e+00	1.800002e+00	
650	6.315000e-09	0.000000e+00	1.799999e+00	
651	6.325000e-09	0.000000e+00	1.800001e+00	
652	6.335000e-09	0.000000e+00	1.800000e+00	
653	6.345000e-09	0.000000e+00	1.800000e+00	
654	6.355000e-09	0.000000e+00	1.800000e+00	
655	6.365000e-09	0.000000e+00	1.800000e+00	
656	6.375000e-09	0.000000e+00	1.800000e+00	
657	6.385000e-09	0.000000e+00	1.800000e+00	
658	6.395000e-09	0.000000e+00	1.800000e+00	
659	6.405000e-09	0.000000e+00	1.800000e+00	
660	6.415000e-09	0.000000e+00	1.800000e+00	
661	6.425000e-09	0.000000e+00	1.800000e+00	
662	6.435000e-09	0.000000e+00	1.800000e+00	
663	6.445000e-09	0.000000e+00	1.800000e+00	
664	6.455000e-09	0.000000e+00	1.800000e+00	
665	6.465000e-09	0.000000e+00	1.800000e+00	
666	6.475000e-09	0.000000e+00	1.800000e+00	
667	6.485000e-09	0.000000e+00	1.800000e+00	
668	6.495000e-09	0.000000e+00	1.800000e+00	
669	6.505000e-09	0.000000e+00	1.800000e+00	
670	6.515000e-09	0.000000e+00	1.800000e+00	
671	6.525000e-09	0.000000e+00	1.800000e+00	
672	6.535000e-09	0.000000e+00	1.800000e+00	
673	6.545000e-09	0.000000e+00	1.800000e+00	
674	6.555000e-09	0.000000e+00	1.800000e+00	
675	6.565000e-09	0.000000e+00	1.800000e+00	
676	6.575000e-09	0.000000e+00	1.800000e+00	
677	6.585000e-09	0.000000e+00	1.800000e+00	
678	6.595000e-09	0.000000e+00	1.800000e+00	
679	6.605000e-09	0.000000e+00	1.800000e+00	
680	6.615000e-09	0.000000e+00	1.800000e+00	
681	6.625000e-09	0.000000e+00	1.800000e+00	
682	6.635000e-09	0.000000e+00	1.800000e+00	
683	6.645000e-09	0.000000e+00	1.800000e+00	
684	6.655000e-09	0.000000e+00	1.800000e+00	
685	6.665000e-09	0.000000e+00	1.800000e+00	
686	6.675000e-09	0.000000e+00	1.800000e+00	
687	6.685000e-09	0.000000e+00	1.800000e+00	
688	6.695000e-09	0.000000e+00	1.800000e+00	
689	6.705000e-09	0.000000e+00	1.800000e+00	
690	6.715000e-09	0.000000e+00	1.800000e+00	
691	6.725000e-09	0.000000e+00	1.800000e+00	
692	6.735000e-09	0.000000e+00	1.800000e+00	

Index   time            v(in)           v(out)          
--------------------------------------------------------------------------------
693	6.745000e-09	0.000000e+00	1.800000e+00	
694	6.755000e-09	0.000000e+00	1.800000e+00	
695	6.765000e-09	0.000000e+00	1.800000e+00	
696	6.775000e-09	0.000000e+00	1.800000e+00	
697	6.785000e-09	0.000000e+00	1.800000e+00	
698	6.795000e-09	0.000000e+00	1.800000e+00	
699	6.805000e-09	0.000000e+00	1.800000e+00	
700	6.815000e-09	0.000000e+00	1.800000e+00	
701	6.825000e-09	0.000000e+00	1.800000e+00	
702	6.835000e-09	0.000000e+00	1.800000e+00	
703	6.845000e-09	0.000000e+00	1.800000e+00	
704	6.855000e-09	0.000000e+00	1.800000e+00	
705	6.865000e-09	0.000000e+00	1.800000e+00	
706	6.875000e-09	0.000000e+00	1.800000e+00	
707	6.885000e-09	0.000000e+00	1.800000e+00	
708	6.895000e-09	0.000000e+00	1.800000e+00	
709	6.905000e-09	0.000000e+00	1.800000e+00	
710	6.915000e-09	0.000000e+00	1.800000e+00	
711	6.925000e-09	0.000000e+00	1.800000e+00	
712	6.935000e-09	0.000000e+00	1.800000e+00	
713	6.945000e-09	0.000000e+00	1.800000e+00	
714	6.955000e-09	0.000000e+00	1.800000e+00	
715	6.965000e-09	0.000000e+00	1.800000e+00	
716	6.975000e-09	0.000000e+00	1.800000e+00	
717	6.985000e-09	0.000000e+00	1.800000e+00	
718	6.995000e-09	0.000000e+00	1.800000e+00	
719	7.005000e-09	0.000000e+00	1.800000e+00	
720	7.015000e-09	0.000000e+00	1.800000e+00	
721	7.025000e-09	0.000000e+00	1.800000e+00	
722	7.035000e-09	0.000000e+00	1.800000e+00	
723	7.045000e-09	0.000000e+00	1.800000e+00	
724	7.055000e-09	0.000000e+00	1.800000e+00	
725	7.065000e-09	0.000000e+00	1.800000e+00	
726	7.075000e-09	0.000000e+00	1.800000e+00	
727	7.085000e-09	0.000000e+00	1.800000e+00	
728	7.095000e-09	0.000000e+00	1.800000e+00	
729	7.105000e-09	0.000000e+00	1.800000e+00	
730	7.115000e-09	0.000000e+00	1.800000e+00	
731	7.125000e-09	0.000000e+00	1.800000e+00	
732	7.135000e-09	0.000000e+00	1.800000e+00	
733	7.145000e-09	0.000000e+00	1.800000e+00	
734	7.155000e-09	0.000000e+00	1.800000e+00	
735	7.165000e-09	0.000000e+00	1.800000e+00	
736	7.175000e-09	0.000000e+00	1.800000e+00	
737	7.185000e-09	0.000000e+00	1.800000e+00	
738	7.195000e-09	0.000000e+00	1.800000e+00	
739	7.205000e-09	0.000000e+00	1.800000e+00	
740	7.215000e-09	0.000000e+00	1.800000e+00	
741	7.225000e-09	0.000000e+00	1.800000e+00	
742	7.235000e-09	0.000000e+00	1.800000e+00	
743	7.245000e-09	0.000000e+00	1.800000e+00	
744	7.255000e-09	0.000000e+00	1.800000e+00	
745	7.265000e-09	0.000000e+00	1.800000e+00	
746	7.275000e-09	0.000000e+00	1.800000e+00	
747	7.285000e-09	0.000000e+00	1.800000e+00	
748	7.295000e-09	0.000000e+00	1.800000e+00	
749	7.305000e-09	0.000000e+00	1.800000e+00	
750	7.315000e-09	0.000000e+00	1.800000e+00	

Index   time            v(in)           v(out)          
--------------------------------------------------------------------------------
751	7.325000e-09	0.000000e+00	1.800000e+00	
752	7.335000e-09	0.000000e+00	1.800000e+00	
753	7.345000e-09	0.000000e+00	1.800000e+00	
754	7.355000e-09	0.000000e+00	1.800000e+00	
755	7.365000e-09	0.000000e+00	1.800000e+00	
756	7.375000e-09	0.000000e+00	1.800000e+00	
757	7.385000e-09	0.000000e+00	1.800000e+00	
758	7.395000e-09	0.000000e+00	1.800000e+00	
759	7.405000e-09	0.000000e+00	1.800000e+00	
760	7.415000e-09	0.000000e+00	1.800000e+00	
761	7.425000e-09	0.000000e+00	1.800000e+00	
762	7.435000e-09	0.000000e+00	1.800000e+00	
763	7.445000e-09	0.000000e+00	1.800000e+00	
764	7.455000e-09	0.000000e+00	1.800000e+00	
765	7.465000e-09	0.000000e+00	1.800000e+00	
766	7.475000e-09	0.000000e+00	1.800000e+00	
767	7.485000e-09	0.000000e+00	1.800000e+00	
768	7.495000e-09	0.000000e+00	1.800000e+00	
769	7.505000e-09	0.000000e+00	1.800000e+00	
770	7.515000e-09	0.000000e+00	1.800000e+00	
771	7.525000e-09	0.000000e+00	1.800000e+00	
772	7.535000e-09	0.000000e+00	1.800000e+00	
773	7.545000e-09	0.000000e+00	1.800000e+00	
774	7.555000e-09	0.000000e+00	1.800000e+00	
775	7.565000e-09	0.000000e+00	1.800000e+00	
776	7.575000e-09	0.000000e+00	1.800000e+00	
777	7.585000e-09	0.000000e+00	1.800000e+00	
778	7.595000e-09	0.000000e+00	1.800000e+00	
779	7.605000e-09	0.000000e+00	1.800000e+00	
780	7.615000e-09	0.000000e+00	1.800000e+00	
781	7.625000e-09	0.000000e+00	1.800000e+00	
782	7.635000e-09	0.000000e+00	1.800000e+00	
783	7.645000e-09	0.000000e+00	1.800000e+00	
784	7.655000e-09	0.000000e+00	1.800000e+00	
785	7.665000e-09	0.000000e+00	1.800000e+00	
786	7.675000e-09	0.000000e+00	1.800000e+00	
787	7.685000e-09	0.000000e+00	1.800000e+00	
788	7.695000e-09	0.000000e+00	1.800000e+00	
789	7.705000e-09	0.000000e+00	1.800000e+00	
790	7.715000e-09	0.000000e+00	1.800000e+00	
791	7.725000e-09	0.000000e+00	1.800000e+00	
792	7.735000e-09	0.000000e+00	1.800000e+00	
793	7.745000e-09	0.000000e+00	1.800000e+00	
794	7.755000e-09	0.000000e+00	1.800000e+00	
795	7.765000e-09	0.000000e+00	1.800000e+00	
796	7.775000e-09	0.000000e+00	1.800000e+00	
797	7.785000e-09	0.000000e+00	1.800000e+00	
798	7.795000e-09	0.000000e+00	1.800000e+00	
799	7.805000e-09	0.000000e+00	1.800000e+00	
800	7.815000e-09	0.000000e+00	1.800000e+00	
801	7.825000e-09	0.000000e+00	1.800000e+00	
802	7.835000e-09	0.000000e+00	1.800000e+00	
803	7.845000e-09	0.000000e+00	1.800000e+00	
804	7.855000e-09	0.000000e+00	1.800000e+00	
805	7.865000e-09	0.000000e+00	1.800000e+00	
806	7.875000e-09	0.000000e+00	1.800000e+00	
807	7.885000e-09	0.000000e+00	1.800000e+00	
808	7.895000e-09	0.000000e+00	1.800000e+00	

Index   time            v(in)           v(out)          
--------------------------------------------------------------------------------
809	7.905000e-09	0.000000e+00	1.800000e+00	
810	7.915000e-09	0.000000e+00	1.800000e+00	
811	7.925000e-09	0.000000e+00	1.800000e+00	
812	7.935000e-09	0.000000e+00	1.800000e+00	
813	7.945000e-09	0.000000e+00	1.800000e+00	
814	7.955000e-09	0.000000e+00	1.800000e+00	
815	7.965000e-09	0.000000e+00	1.800000e+00	
816	7.975000e-09	0.000000e+00	1.800000e+00	
817	7.985000e-09	0.000000e+00	1.800000e+00	
818	7.995000e-09	0.000000e+00	1.800000e+00	
819	8.005000e-09	0.000000e+00	1.800000e+00	
820	8.015000e-09	0.000000e+00	1.800000e+00	
821	8.025000e-09	0.000000e+00	1.800000e+00	
822	8.035000e-09	0.000000e+00	1.800000e+00	
823	8.045000e-09	0.000000e+00	1.800000e+00	
824	8.055000e-09	0.000000e+00	1.800000e+00	
825	8.065000e-09	0.000000e+00	1.800000e+00	
826	8.075000e-09	0.000000e+00	1.800000e+00	
827	8.085000e-09	0.000000e+00	1.800000e+00	
828	8.095000e-09	0.000000e+00	1.800000e+00	
829	8.105000e-09	0.000000e+00	1.800000e+00	
830	8.115000e-09	0.000000e+00	1.800000e+00	
831	8.125000e-09	0.000000e+00	1.800000e+00	
832	8.135000e-09	0.000000e+00	1.800000e+00	
833	8.145000e-09	0.000000e+00	1.800000e+00	
834	8.155000e-09	0.000000e+00	1.800000e+00	
835	8.165000e-09	0.000000e+00	1.800000e+00	
836	8.175000e-09	0.000000e+00	1.800000e+00	
837	8.185000e-09	0.000000e+00	1.800000e+00	
838	8.195000e-09	0.000000e+00	1.800000e+00	
839	8.205000e-09	0.000000e+00	1.800000e+00	
840	8.215000e-09	0.000000e+00	1.800000e+00	
841	8.225000e-09	0.000000e+00	1.800000e+00	
842	8.235000e-09	0.000000e+00	1.800000e+00	
843	8.245000e-09	0.000000e+00	1.800000e+00	
844	8.255000e-09	0.000000e+00	1.800000e+00	
845	8.265000e-09	0.000000e+00	1.800000e+00	
846	8.275000e-09	0.000000e+00	1.800000e+00	
847	8.285000e-09	0.000000e+00	1.800000e+00	
848	8.295000e-09	0.000000e+00	1.800000e+00	
849	8.305000e-09	0.000000e+00	1.800000e+00	
850	8.315000e-09	0.000000e+00	1.800000e+00	
851	8.325000e-09	0.000000e+00	1.800000e+00	
852	8.335000e-09	0.000000e+00	1.800000e+00	
853	8.345000e-09	0.000000e+00	1.800000e+00	
854	8.355000e-09	0.000000e+00	1.800000e+00	
855	8.365000e-09	0.000000e+00	1.800000e+00	
856	8.375000e-09	0.000000e+00	1.800000e+00	
857	8.385000e-09	0.000000e+00	1.800000e+00	
858	8.395000e-09	0.000000e+00	1.800000e+00	
859	8.405000e-09	0.000000e+00	1.800000e+00	
860	8.415000e-09	0.000000e+00	1.800000e+00	
861	8.425000e-09	0.000000e+00	1.800000e+00	
862	8.435000e-09	0.000000e+00	1.800000e+00	
863	8.445000e-09	0.000000e+00	1.800000e+00	
864	8.455000e-09	0.000000e+00	1.800000e+00	
865	8.465000e-09	0.000000e+00	1.800000e+00	
866	8.475000e-09	0.000000e+00	1.800000e+00	

Index   time            v(in)           v(out)          
--------------------------------------------------------------------------------
867	8.485000e-09	0.000000e+00	1.800000e+00	
868	8.495000e-09	0.000000e+00	1.800000e+00	
869	8.505000e-09	0.000000e+00	1.800000e+00	
870	8.515000e-09	0.000000e+00	1.800000e+00	
871	8.525000e-09	0.000000e+00	1.800000e+00	
872	8.535000e-09	0.000000e+00	1.800000e+00	
873	8.545000e-09	0.000000e+00	1.800000e+00	
874	8.555000e-09	0.000000e+00	1.800000e+00	
875	8.565000e-09	0.000000e+00	1.800000e+00	
876	8.575000e-09	0.000000e+00	1.800000e+00	
877	8.585000e-09	0.000000e+00	1.800000e+00	
878	8.595000e-09	0.000000e+00	1.800000e+00	
879	8.605000e-09	0.000000e+00	1.800000e+00	
880	8.615000e-09	0.000000e+00	1.800000e+00	
881	8.625000e-09	0.000000e+00	1.800000e+00	
882	8.635000e-09	0.000000e+00	1.800000e+00	
883	8.645000e-09	0.000000e+00	1.800000e+00	
884	8.655000e-09	0.000000e+00	1.800000e+00	
885	8.665000e-09	0.000000e+00	1.800000e+00	
886	8.675000e-09	0.000000e+00	1.800000e+00	
887	8.685000e-09	0.000000e+00	1.800000e+00	
888	8.695000e-09	0.000000e+00	1.800000e+00	
889	8.705000e-09	0.000000e+00	1.800000e+00	
890	8.715000e-09	0.000000e+00	1.800000e+00	
891	8.725000e-09	0.000000e+00	1.800000e+00	
892	8.735000e-09	0.000000e+00	1.800000e+00	
893	8.745000e-09	0.000000e+00	1.800000e+00	
894	8.755000e-09	0.000000e+00	1.800000e+00	
895	8.765000e-09	0.000000e+00	1.800000e+00	
896	8.775000e-09	0.000000e+00	1.800000e+00	
897	8.785000e-09	0.000000e+00	1.800000e+00	
898	8.795000e-09	0.000000e+00	1.800000e+00	
899	8.805000e-09	0.000000e+00	1.800000e+00	
900	8.815000e-09	0.000000e+00	1.800000e+00	
901	8.825000e-09	0.000000e+00	1.800000e+00	
902	8.835000e-09	0.000000e+00	1.800000e+00	
903	8.845000e-09	0.000000e+00	1.800000e+00	
904	8.855000e-09	0.000000e+00	1.800000e+00	
905	8.865000e-09	0.000000e+00	1.800000e+00	
906	8.875000e-09	0.000000e+00	1.800000e+00	
907	8.885000e-09	0.000000e+00	1.800000e+00	
908	8.895000e-09	0.000000e+00	1.800000e+00	
909	8.905000e-09	0.000000e+00	1.800000e+00	
910	8.915000e-09	0.000000e+00	1.800000e+00	
911	8.925000e-09	0.000000e+00	1.800000e+00	
912	8.935000e-09	0.000000e+00	1.800000e+00	
913	8.945000e-09	0.000000e+00	1.800000e+00	
914	8.955000e-09	0.000000e+00	1.800000e+00	
915	8.965000e-09	0.000000e+00	1.800000e+00	
916	8.975000e-09	0.000000e+00	1.800000e+00	
917	8.985000e-09	0.000000e+00	1.800000e+00	
918	8.995000e-09	0.000000e+00	1.800000e+00	
919	9.005000e-09	0.000000e+00	1.800000e+00	
920	9.015000e-09	0.000000e+00	1.800000e+00	
921	9.025000e-09	0.000000e+00	1.800000e+00	
922	9.035000e-09	0.000000e+00	1.800000e+00	
923	9.045000e-09	0.000000e+00	1.800000e+00	
924	9.055000e-09	0.000000e+00	1.800000e+00	

Index   time            v(in)           v(out)          
--------------------------------------------------------------------------------
925	9.065000e-09	0.000000e+00	1.800000e+00	
926	9.075000e-09	0.000000e+00	1.800000e+00	
927	9.085000e-09	0.000000e+00	1.800000e+00	
928	9.095000e-09	0.000000e+00	1.800000e+00	
929	9.105000e-09	0.000000e+00	1.800000e+00	
930	9.115000e-09	0.000000e+00	1.800000e+00	
931	9.125000e-09	0.000000e+00	1.800000e+00	
932	9.135000e-09	0.000000e+00	1.800000e+00	
933	9.145000e-09	0.000000e+00	1.800000e+00	
934	9.155000e-09	0.000000e+00	1.800000e+00	
935	9.165000e-09	0.000000e+00	1.800000e+00	
936	9.175000e-09	0.000000e+00	1.800000e+00	
937	9.185000e-09	0.000000e+00	1.800000e+00	
938	9.195000e-09	0.000000e+00	1.800000e+00	
939	9.205000e-09	0.000000e+00	1.800000e+00	
940	9.215000e-09	0.000000e+00	1.800000e+00	
941	9.225000e-09	0.000000e+00	1.800000e+00	
942	9.235000e-09	0.000000e+00	1.800000e+00	
943	9.245000e-09	0.000000e+00	1.800000e+00	
944	9.255000e-09	0.000000e+00	1.800000e+00	
945	9.265000e-09	0.000000e+00	1.800000e+00	
946	9.275000e-09	0.000000e+00	1.800000e+00	
947	9.285000e-09	0.000000e+00	1.800000e+00	
948	9.295000e-09	0.000000e+00	1.800000e+00	
949	9.305000e-09	0.000000e+00	1.800000e+00	
950	9.315000e-09	0.000000e+00	1.800000e+00	
951	9.325000e-09	0.000000e+00	1.800000e+00	
952	9.335000e-09	0.000000e+00	1.800000e+00	
953	9.345000e-09	0.000000e+00	1.800000e+00	
954	9.355000e-09	0.000000e+00	1.800000e+00	
955	9.365000e-09	0.000000e+00	1.800000e+00	
956	9.375000e-09	0.000000e+00	1.800000e+00	
957	9.385000e-09	0.000000e+00	1.800000e+00	
958	9.395000e-09	0.000000e+00	1.800000e+00	
959	9.405000e-09	0.000000e+00	1.800000e+00	
960	9.415000e-09	0.000000e+00	1.800000e+00	
961	9.425000e-09	0.000000e+00	1.800000e+00	
962	9.435000e-09	0.000000e+00	1.800000e+00	
963	9.445000e-09	0.000000e+00	1.800000e+00	
964	9.455000e-09	0.000000e+00	1.800000e+00	
965	9.465000e-09	0.000000e+00	1.800000e+00	
966	9.475000e-09	0.000000e+00	1.800000e+00	
967	9.485000e-09	0.000000e+00	1.800000e+00	
968	9.495000e-09	0.000000e+00	1.800000e+00	
969	9.505000e-09	0.000000e+00	1.800000e+00	
970	9.515000e-09	0.000000e+00	1.800000e+00	
971	9.525000e-09	0.000000e+00	1.800000e+00	
972	9.535000e-09	0.000000e+00	1.800000e+00	
973	9.545000e-09	0.000000e+00	1.800000e+00	
974	9.555000e-09	0.000000e+00	1.800000e+00	
975	9.565000e-09	0.000000e+00	1.800000e+00	
976	9.575000e-09	0.000000e+00	1.800000e+00	
977	9.585000e-09	0.000000e+00	1.800000e+00	
978	9.595000e-09	0.000000e+00	1.800000e+00	
979	9.605000e-09	0.000000e+00	1.800000e+00	
980	9.615000e-09	0.000000e+00	1.800000e+00	
981	9.625000e-09	0.000000e+00	1.800000e+00	
982	9.635000e-09	0.000000e+00	1.800000e+00	

Index   time            v(in)           v(out)          
--------------------------------------------------------------------------------
983	9.645000e-09	0.000000e+00	1.800000e+00	
984	9.655000e-09	0.000000e+00	1.800000e+00	
985	9.665000e-09	0.000000e+00	1.800000e+00	
986	9.675000e-09	0.000000e+00	1.800000e+00	
987	9.685000e-09	0.000000e+00	1.800000e+00	
988	9.695000e-09	0.000000e+00	1.800000e+00	
989	9.705000e-09	0.000000e+00	1.800000e+00	
990	9.715000e-09	0.000000e+00	1.800000e+00	
991	9.725000e-09	0.000000e+00	1.800000e+00	
992	9.735000e-09	0.000000e+00	1.800000e+00	
993	9.745000e-09	0.000000e+00	1.800000e+00	
994	9.755000e-09	0.000000e+00	1.800000e+00	
995	9.765000e-09	0.000000e+00	1.800000e+00	
996	9.775000e-09	0.000000e+00	1.800000e+00	
997	9.785000e-09	0.000000e+00	1.800000e+00	
998	9.795000e-09	0.000000e+00	1.800000e+00	
999	9.805000e-09	0.000000e+00	1.800000e+00	
1000	9.815000e-09	0.000000e+00	1.800000e+00	
1001	9.825000e-09	0.000000e+00	1.800000e+00	
1002	9.835000e-09	0.000000e+00	1.800000e+00	
1003	9.845000e-09	0.000000e+00	1.800000e+00	
1004	9.855000e-09	0.000000e+00	1.800000e+00	
1005	9.865000e-09	0.000000e+00	1.800000e+00	
1006	9.875000e-09	0.000000e+00	1.800000e+00	
1007	9.885000e-09	0.000000e+00	1.800000e+00	
1008	9.895000e-09	0.000000e+00	1.800000e+00	
1009	9.905000e-09	0.000000e+00	1.800000e+00	
1010	9.915000e-09	0.000000e+00	1.800000e+00	
1011	9.925000e-09	0.000000e+00	1.800000e+00	
1012	9.935000e-09	0.000000e+00	1.800000e+00	
1013	9.945000e-09	0.000000e+00	1.800000e+00	
1014	9.955000e-09	0.000000e+00	1.800000e+00	
1015	9.965000e-09	0.000000e+00	1.800000e+00	
1016	9.975000e-09	0.000000e+00	1.800000e+00	
1017	9.985000e-09	0.000000e+00	1.800000e+00	
1018	9.995000e-09	0.000000e+00	1.800000e+00	
1019	1.000500e-08	0.000000e+00	1.800000e+00	
1020	1.001500e-08	0.000000e+00	1.800000e+00	
1021	1.002500e-08	0.000000e+00	1.800000e+00	
1022	1.003500e-08	0.000000e+00	1.800000e+00	
1023	1.004500e-08	0.000000e+00	1.800000e+00	
1024	1.005500e-08	0.000000e+00	1.800000e+00	
1025	1.006500e-08	0.000000e+00	1.800000e+00	
1026	1.007500e-08	0.000000e+00	1.800000e+00	
1027	1.008500e-08	0.000000e+00	1.800000e+00	
1028	1.009500e-08	0.000000e+00	1.800000e+00	
1029	1.010500e-08	0.000000e+00	1.800000e+00	
1030	1.011500e-08	0.000000e+00	1.800000e+00	
1031	1.012500e-08	0.000000e+00	1.800000e+00	
1032	1.013500e-08	0.000000e+00	1.800000e+00	
1033	1.014500e-08	0.000000e+00	1.800000e+00	
1034	1.015500e-08	0.000000e+00	1.800000e+00	
1035	1.016500e-08	0.000000e+00	1.800000e+00	
1036	1.017500e-08	0.000000e+00	1.800000e+00	
1037	1.018500e-08	0.000000e+00	1.800000e+00	
1038	1.019500e-08	0.000000e+00	1.800000e+00	
1039	1.020500e-08	0.000000e+00	1.800000e+00	
1040	1.021500e-08	0.000000e+00	1.800000e+00	

Index   time            v(in)           v(out)          
--------------------------------------------------------------------------------
1041	1.022500e-08	0.000000e+00	1.800000e+00	
1042	1.023500e-08	0.000000e+00	1.800000e+00	
1043	1.024500e-08	0.000000e+00	1.800000e+00	
1044	1.025500e-08	0.000000e+00	1.800000e+00	
1045	1.026500e-08	0.000000e+00	1.800000e+00	
1046	1.027500e-08	0.000000e+00	1.800000e+00	
1047	1.028500e-08	0.000000e+00	1.800000e+00	
1048	1.029500e-08	0.000000e+00	1.800000e+00	
1049	1.030500e-08	0.000000e+00	1.800000e+00	
1050	1.031500e-08	0.000000e+00	1.800000e+00	
1051	1.032500e-08	0.000000e+00	1.800000e+00	
1052	1.033500e-08	0.000000e+00	1.800000e+00	
1053	1.034500e-08	0.000000e+00	1.800000e+00	
1054	1.035500e-08	0.000000e+00	1.800000e+00	
1055	1.036500e-08	0.000000e+00	1.800000e+00	
1056	1.037500e-08	0.000000e+00	1.800000e+00	
1057	1.038500e-08	0.000000e+00	1.800000e+00	
1058	1.039500e-08	0.000000e+00	1.800000e+00	
1059	1.040500e-08	0.000000e+00	1.800000e+00	
1060	1.041500e-08	0.000000e+00	1.800000e+00	
1061	1.042500e-08	0.000000e+00	1.800000e+00	
1062	1.043500e-08	0.000000e+00	1.800000e+00	
1063	1.044500e-08	0.000000e+00	1.800000e+00	
1064	1.045500e-08	0.000000e+00	1.800000e+00	
1065	1.046500e-08	0.000000e+00	1.800000e+00	
1066	1.047500e-08	0.000000e+00	1.800000e+00	
1067	1.048500e-08	0.000000e+00	1.800000e+00	
1068	1.049500e-08	0.000000e+00	1.800000e+00	
1069	1.050500e-08	0.000000e+00	1.800000e+00	
1070	1.051500e-08	0.000000e+00	1.800000e+00	
1071	1.052500e-08	0.000000e+00	1.800000e+00	
1072	1.053500e-08	0.000000e+00	1.800000e+00	
1073	1.054500e-08	0.000000e+00	1.800000e+00	
1074	1.055500e-08	0.000000e+00	1.800000e+00	
1075	1.056500e-08	0.000000e+00	1.800000e+00	
1076	1.057500e-08	0.000000e+00	1.800000e+00	
1077	1.058500e-08	0.000000e+00	1.800000e+00	
1078	1.059500e-08	0.000000e+00	1.800000e+00	
1079	1.060500e-08	0.000000e+00	1.800000e+00	
1080	1.061500e-08	0.000000e+00	1.800000e+00	
1081	1.062500e-08	0.000000e+00	1.800000e+00	
1082	1.063500e-08	0.000000e+00	1.800000e+00	
1083	1.064500e-08	0.000000e+00	1.800000e+00	
1084	1.065500e-08	0.000000e+00	1.800000e+00	
1085	1.066500e-08	0.000000e+00	1.800000e+00	
1086	1.067500e-08	0.000000e+00	1.800000e+00	
1087	1.068500e-08	0.000000e+00	1.800000e+00	
1088	1.069500e-08	0.000000e+00	1.800000e+00	
1089	1.070500e-08	0.000000e+00	1.800000e+00	
1090	1.071500e-08	0.000000e+00	1.800000e+00	
1091	1.072500e-08	0.000000e+00	1.800000e+00	
1092	1.073500e-08	0.000000e+00	1.800000e+00	
1093	1.074500e-08	0.000000e+00	1.800000e+00	
1094	1.075500e-08	0.000000e+00	1.800000e+00	
1095	1.076500e-08	0.000000e+00	1.800000e+00	
1096	1.077500e-08	0.000000e+00	1.800000e+00	
1097	1.078500e-08	0.000000e+00	1.800000e+00	
1098	1.079500e-08	0.000000e+00	1.800000e+00	

Index   time            v(in)           v(out)          
--------------------------------------------------------------------------------
1099	1.080500e-08	0.000000e+00	1.800000e+00	
1100	1.081500e-08	0.000000e+00	1.800000e+00	
1101	1.082500e-08	0.000000e+00	1.800000e+00	
1102	1.083500e-08	0.000000e+00	1.800000e+00	
1103	1.084500e-08	0.000000e+00	1.800000e+00	
1104	1.085500e-08	0.000000e+00	1.800000e+00	
1105	1.086500e-08	0.000000e+00	1.800000e+00	
1106	1.087500e-08	0.000000e+00	1.800000e+00	
1107	1.088500e-08	0.000000e+00	1.800000e+00	
1108	1.089500e-08	0.000000e+00	1.800000e+00	
1109	1.090500e-08	0.000000e+00	1.800000e+00	
1110	1.091500e-08	0.000000e+00	1.800000e+00	
1111	1.092500e-08	0.000000e+00	1.800000e+00	
1112	1.093500e-08	0.000000e+00	1.800000e+00	
1113	1.094500e-08	0.000000e+00	1.800000e+00	
1114	1.095500e-08	0.000000e+00	1.800000e+00	
1115	1.096500e-08	0.000000e+00	1.800000e+00	
1116	1.097500e-08	0.000000e+00	1.800000e+00	
1117	1.098500e-08	0.000000e+00	1.800000e+00	
1118	1.099500e-08	0.000000e+00	1.800000e+00	
1119	1.100000e-08	0.000000e+00	1.800000e+00	
1120	1.100100e-08	1.800000e-02	1.809842e+00	
1121	1.100300e-08	5.400000e-02	1.820842e+00	
1122	1.100700e-08	1.260000e-01	1.823435e+00	
1123	1.101500e-08	2.700000e-01	1.826070e+00	
1124	1.102500e-08	4.500000e-01	1.831394e+00	
1125	1.103500e-08	6.300000e-01	1.825790e+00	
1126	1.104500e-08	8.100000e-01	1.744789e+00	
1127	1.105500e-08	9.900000e-01	7.000605e-01	
1128	1.106500e-08	1.170000e+00	-4.80890e-02	
1129	1.107500e-08	1.350000e+00	5.780323e-02	
1130	1.108500e-08	1.530000e+00	-2.01122e-02	
1131	1.109500e-08	1.710000e+00	2.889789e-02	
1132	1.110000e-08	1.800000e+00	-6.63561e-03	
1133	1.110100e-08	1.800000e+00	-1.89058e-03	
1134	1.110300e-08	1.800000e+00	8.148215e-04	
1135	1.110700e-08	1.800000e+00	-5.43747e-04	
1136	1.111500e-08	1.800000e+00	4.454724e-04	
1137	1.112500e-08	1.800000e+00	-3.79557e-04	
1138	1.113500e-08	1.800000e+00	3.223526e-04	
1139	1.114500e-08	1.800000e+00	-2.76589e-04	
1140	1.115500e-08	1.800000e+00	2.345391e-04	
1141	1.116500e-08	1.800000e+00	-2.00875e-04	
1142	1.117500e-08	1.800000e+00	1.705824e-04	
1143	1.118500e-08	1.800000e+00	-1.45903e-04	
1144	1.119500e-08	1.800000e+00	1.240321e-04	
1145	1.120500e-08	1.800000e+00	-1.05983e-04	
1146	1.121500e-08	1.800000e+00	9.016721e-05	
1147	1.122500e-08	1.800000e+00	-7.69892e-05	
1148	1.123500e-08	1.800000e+00	6.553936e-05	
1149	1.124500e-08	1.800000e+00	-5.59295e-05	
1150	1.125500e-08	1.800000e+00	4.763360e-05	
1151	1.126500e-08	1.800000e+00	-4.06313e-05	
1152	1.127500e-08	1.800000e+00	3.461756e-05	
1153	1.128500e-08	1.800000e+00	-2.95178e-05	
1154	1.129500e-08	1.800000e+00	2.515721e-05	
1155	1.130500e-08	1.800000e+00	-2.14440e-05	
1156	1.131500e-08	1.800000e+00	1.828189e-05	

Index   time            v(in)           v(out)          
--------------------------------------------------------------------------------
1157	1.132500e-08	1.800000e+00	-1.55784e-05	
1158	1.133500e-08	1.800000e+00	1.328560e-05	
1159	1.134500e-08	1.800000e+00	-1.13168e-05	
1160	1.135500e-08	1.800000e+00	9.654973e-06	
1161	1.136500e-08	1.800000e+00	-8.22066e-06	
1162	1.137500e-08	1.800000e+00	7.016832e-06	
1163	1.138500e-08	1.800000e+00	-5.97117e-06	
1164	1.139500e-08	1.800000e+00	5.099916e-06	
1165	1.140500e-08	1.800000e+00	-4.33681e-06	
1166	1.141500e-08	1.800000e+00	3.707082e-06	
1167	1.142500e-08	1.800000e+00	-3.14936e-06	
1168	1.143500e-08	1.800000e+00	2.695061e-06	
1169	1.144500e-08	1.800000e+00	-2.28662e-06	
1170	1.145500e-08	1.800000e+00	1.959743e-06	
1171	1.146500e-08	1.800000e+00	-1.65978e-06	
1172	1.147500e-08	1.800000e+00	1.425476e-06	
1173	1.148500e-08	1.800000e+00	-1.20435e-06	
1174	1.149500e-08	1.800000e+00	1.037292e-06	
1175	1.150500e-08	1.800000e+00	-8.73447e-07	
1176	1.151500e-08	1.800000e+00	7.552484e-07	
1177	1.152500e-08	1.800000e+00	-6.33028e-07	
1178	1.153500e-08	1.800000e+00	5.503242e-07	
1179	1.154500e-08	1.800000e+00	-4.58348e-07	
1180	1.155500e-08	1.800000e+00	4.014328e-07	
1181	1.156500e-08	1.800000e+00	-3.31433e-07	
1182	1.157500e-08	1.800000e+00	2.932533e-07	
1183	1.158500e-08	1.800000e+00	-2.39221e-07	
1184	1.159500e-08	1.800000e+00	2.146538e-07	
1185	1.160500e-08	1.800000e+00	-1.72223e-07	
1186	1.161500e-08	1.800000e+00	1.575461e-07	
1187	1.162500e-08	1.800000e+00	-1.23544e-07	
1188	1.163500e-08	1.800000e+00	1.160536e-07	
1189	1.164500e-08	1.800000e+00	-8.81766e-08	
1190	1.165500e-08	1.800000e+00	8.590667e-08	
1191	1.166500e-08	1.800000e+00	-6.24796e-08	
1192	1.167500e-08	1.800000e+00	6.400298e-08	
1193	1.168500e-08	1.800000e+00	-4.38092e-08	
1194	1.169500e-08	1.800000e+00	4.808854e-08	
1195	1.170500e-08	1.800000e+00	-3.02439e-08	
1196	1.171500e-08	1.800000e+00	3.652567e-08	
1197	1.172500e-08	1.800000e+00	-2.03878e-08	
1198	1.173500e-08	1.800000e+00	2.812452e-08	
1199	1.174500e-08	1.800000e+00	-1.32268e-08	
1200	1.175500e-08	1.800000e+00	2.202054e-08	
1201	1.176500e-08	1.800000e+00	-8.02381e-09	
1202	1.177500e-08	1.800000e+00	1.758561e-08	
1203	1.178500e-08	1.800000e+00	-4.24353e-09	
1204	1.179500e-08	1.800000e+00	1.436334e-08	
1205	1.180500e-08	1.800000e+00	-1.49691e-09	
1206	1.181500e-08	1.800000e+00	1.202217e-08	
1207	1.182500e-08	1.800000e+00	4.986795e-10	
1208	1.183500e-08	1.800000e+00	1.032115e-08	
1209	1.184500e-08	1.800000e+00	1.948603e-09	
1210	1.185500e-08	1.800000e+00	9.085256e-09	
1211	1.186500e-08	1.800000e+00	3.002065e-09	
1212	1.187500e-08	1.800000e+00	8.187298e-09	
1213	1.188500e-08	1.800000e+00	3.767472e-09	
1214	1.189500e-08	1.800000e+00	7.534875e-09	

Index   time            v(in)           v(out)          
--------------------------------------------------------------------------------
1215	1.190500e-08	1.800000e+00	4.323590e-09	
1216	1.191500e-08	1.800000e+00	7.060848e-09	
1217	1.192500e-08	1.800000e+00	4.727644e-09	
1218	1.193500e-08	1.800000e+00	6.716437e-09	
1219	1.194500e-08	1.800000e+00	5.021216e-09	
1220	1.195500e-08	1.800000e+00	6.466200e-09	
1221	1.196500e-08	1.800000e+00	5.234514e-09	
1222	1.197500e-08	1.800000e+00	6.284388e-09	
1223	1.198500e-08	1.800000e+00	5.389489e-09	
1224	1.199500e-08	1.800000e+00	6.152289e-09	
1225	1.200500e-08	1.800000e+00	5.502088e-09	
1226	1.201500e-08	1.800000e+00	6.056311e-09	
1227	1.202500e-08	1.800000e+00	5.583899e-09	
1228	1.203500e-08	1.800000e+00	5.986577e-09	
1229	1.204500e-08	1.800000e+00	5.643339e-09	
1230	1.205500e-08	1.800000e+00	5.935911e-09	
1231	1.206500e-08	1.800000e+00	5.686526e-09	
1232	1.207500e-08	1.800000e+00	5.899098e-09	
1233	1.208500e-08	1.800000e+00	5.717905e-09	
1234	1.209500e-08	1.800000e+00	5.872352e-09	
1235	1.210500e-08	1.800000e+00	5.740703e-09	
1236	1.211500e-08	1.800000e+00	5.852919e-09	
1237	1.212500e-08	1.800000e+00	5.757268e-09	
1238	1.213500e-08	1.800000e+00	5.838799e-09	
1239	1.214500e-08	1.800000e+00	5.769303e-09	
1240	1.215500e-08	1.800000e+00	5.828541e-09	
1241	1.216500e-08	1.800000e+00	5.778047e-09	
1242	1.217500e-08	1.800000e+00	5.821087e-09	
1243	1.218500e-08	1.800000e+00	5.784400e-09	
1244	1.219500e-08	1.800000e+00	5.815672e-09	
1245	1.220500e-08	1.800000e+00	5.789016e-09	
1246	1.221500e-08	1.800000e+00	5.811737e-09	
1247	1.222500e-08	1.800000e+00	5.792370e-09	
1248	1.223500e-08	1.800000e+00	5.808878e-09	
1249	1.224500e-08	1.800000e+00	5.794807e-09	
1250	1.225500e-08	1.800000e+00	5.806801e-09	
1251	1.226500e-08	1.800000e+00	5.796577e-09	
1252	1.227500e-08	1.800000e+00	5.805292e-09	
1253	1.228500e-08	1.800000e+00	5.797864e-09	
1254	1.229500e-08	1.800000e+00	5.804196e-09	
1255	1.230500e-08	1.800000e+00	5.798799e-09	
1256	1.231500e-08	1.800000e+00	5.803399e-09	
1257	1.232500e-08	1.800000e+00	5.799478e-09	
1258	1.233500e-08	1.800000e+00	5.802820e-09	
1259	1.234500e-08	1.800000e+00	5.799971e-09	
1260	1.235500e-08	1.800000e+00	5.802400e-09	
1261	1.236500e-08	1.800000e+00	5.800329e-09	
1262	1.237500e-08	1.800000e+00	5.802094e-09	
1263	1.238500e-08	1.800000e+00	5.800590e-09	
1264	1.239500e-08	1.800000e+00	5.801872e-09	
1265	1.240500e-08	1.800000e+00	5.800779e-09	
1266	1.241500e-08	1.800000e+00	5.801711e-09	
1267	1.242500e-08	1.800000e+00	5.800917e-09	
1268	1.243500e-08	1.800000e+00	5.801593e-09	
1269	1.244500e-08	1.800000e+00	5.801017e-09	
1270	1.245500e-08	1.800000e+00	5.801508e-09	
1271	1.246500e-08	1.800000e+00	5.801089e-09	
1272	1.247500e-08	1.800000e+00	5.801446e-09	

Index   time            v(in)           v(out)          
--------------------------------------------------------------------------------
1273	1.248500e-08	1.800000e+00	5.801142e-09	
1274	1.249500e-08	1.800000e+00	5.801401e-09	
1275	1.250500e-08	1.800000e+00	5.801180e-09	
1276	1.251500e-08	1.800000e+00	5.801369e-09	
1277	1.252500e-08	1.800000e+00	5.801208e-09	
1278	1.253500e-08	1.800000e+00	5.801345e-09	
1279	1.254500e-08	1.800000e+00	5.801228e-09	
1280	1.255500e-08	1.800000e+00	5.801328e-09	
1281	1.256500e-08	1.800000e+00	5.801243e-09	
1282	1.257500e-08	1.800000e+00	5.801315e-09	
1283	1.258500e-08	1.800000e+00	5.801254e-09	
1284	1.259500e-08	1.800000e+00	5.801306e-09	
1285	1.260500e-08	1.800000e+00	5.801261e-09	
1286	1.261500e-08	1.800000e+00	5.801300e-09	
1287	1.262500e-08	1.800000e+00	5.801267e-09	
1288	1.263500e-08	1.800000e+00	5.801295e-09	
1289	1.264500e-08	1.800000e+00	5.801271e-09	
1290	1.265500e-08	1.800000e+00	5.801291e-09	
1291	1.266500e-08	1.800000e+00	5.801274e-09	
1292	1.267500e-08	1.800000e+00	5.801289e-09	
1293	1.268500e-08	1.800000e+00	5.801276e-09	
1294	1.269500e-08	1.800000e+00	5.801287e-09	
1295	1.270500e-08	1.800000e+00	5.801278e-09	
1296	1.271500e-08	1.800000e+00	5.801286e-09	
1297	1.272500e-08	1.800000e+00	5.801279e-09	
1298	1.273500e-08	1.800000e+00	5.801285e-09	
1299	1.274500e-08	1.800000e+00	5.801280e-09	
1300	1.275500e-08	1.800000e+00	5.801284e-09	
1301	1.276500e-08	1.800000e+00	5.801280e-09	
1302	1.277500e-08	1.800000e+00	5.801283e-09	
1303	1.278500e-08	1.800000e+00	5.801281e-09	
1304	1.279500e-08	1.800000e+00	5.801283e-09	
1305	1.280500e-08	1.800000e+00	5.801281e-09	
1306	1.281500e-08	1.800000e+00	5.801283e-09	
1307	1.282500e-08	1.800000e+00	5.801281e-09	
1308	1.283500e-08	1.800000e+00	5.801282e-09	
1309	1.284500e-08	1.800000e+00	5.801282e-09	
1310	1.285500e-08	1.800000e+00	5.801282e-09	
1311	1.286500e-08	1.800000e+00	5.801282e-09	
1312	1.287500e-08	1.800000e+00	5.801282e-09	
1313	1.288500e-08	1.800000e+00	5.801282e-09	
1314	1.289500e-08	1.800000e+00	5.801282e-09	
1315	1.290500e-08	1.800000e+00	5.801282e-09	
1316	1.291500e-08	1.800000e+00	5.801282e-09	
1317	1.292500e-08	1.800000e+00	5.801282e-09	
1318	1.293500e-08	1.800000e+00	5.801282e-09	
1319	1.294500e-08	1.800000e+00	5.801282e-09	
1320	1.295500e-08	1.800000e+00	5.801282e-09	
1321	1.296500e-08	1.800000e+00	5.801282e-09	
1322	1.297500e-08	1.800000e+00	5.801282e-09	
1323	1.298500e-08	1.800000e+00	5.801282e-09	
1324	1.299500e-08	1.800000e+00	5.801282e-09	
1325	1.300500e-08	1.800000e+00	5.801282e-09	
1326	1.301500e-08	1.800000e+00	5.801282e-09	
1327	1.302500e-08	1.800000e+00	5.801282e-09	
1328	1.303500e-08	1.800000e+00	5.801282e-09	
1329	1.304500e-08	1.800000e+00	5.801282e-09	
1330	1.305500e-08	1.800000e+00	5.801282e-09	

Index   time            v(in)           v(out)          
--------------------------------------------------------------------------------
1331	1.306500e-08	1.800000e+00	5.801282e-09	
1332	1.307500e-08	1.800000e+00	5.801282e-09	
1333	1.308500e-08	1.800000e+00	5.801282e-09	
1334	1.309500e-08	1.800000e+00	5.801282e-09	
1335	1.310500e-08	1.800000e+00	5.801282e-09	
1336	1.311500e-08	1.800000e+00	5.801282e-09	
1337	1.312500e-08	1.800000e+00	5.801282e-09	
1338	1.313500e-08	1.800000e+00	5.801282e-09	
1339	1.314500e-08	1.800000e+00	5.801282e-09	
1340	1.315500e-08	1.800000e+00	5.801282e-09	
1341	1.316500e-08	1.800000e+00	5.801282e-09	
1342	1.317500e-08	1.800000e+00	5.801282e-09	
1343	1.318500e-08	1.800000e+00	5.801282e-09	
1344	1.319500e-08	1.800000e+00	5.801282e-09	
1345	1.320500e-08	1.800000e+00	5.801282e-09	
1346	1.321500e-08	1.800000e+00	5.801282e-09	
1347	1.322500e-08	1.800000e+00	5.801282e-09	
1348	1.323500e-08	1.800000e+00	5.801282e-09	
1349	1.324500e-08	1.800000e+00	5.801282e-09	
1350	1.325500e-08	1.800000e+00	5.801282e-09	
1351	1.326500e-08	1.800000e+00	5.801282e-09	
1352	1.327500e-08	1.800000e+00	5.801282e-09	
1353	1.328500e-08	1.800000e+00	5.801282e-09	
1354	1.329500e-08	1.800000e+00	5.801282e-09	
1355	1.330500e-08	1.800000e+00	5.801282e-09	
1356	1.331500e-08	1.800000e+00	5.801282e-09	
1357	1.332500e-08	1.800000e+00	5.801282e-09	
1358	1.333500e-08	1.800000e+00	5.801282e-09	
1359	1.334500e-08	1.800000e+00	5.801282e-09	
1360	1.335500e-08	1.800000e+00	5.801282e-09	
1361	1.336500e-08	1.800000e+00	5.801282e-09	
1362	1.337500e-08	1.800000e+00	5.801282e-09	
1363	1.338500e-08	1.800000e+00	5.801282e-09	
1364	1.339500e-08	1.800000e+00	5.801282e-09	
1365	1.340500e-08	1.800000e+00	5.801282e-09	
1366	1.341500e-08	1.800000e+00	5.801282e-09	
1367	1.342500e-08	1.800000e+00	5.801282e-09	
1368	1.343500e-08	1.800000e+00	5.801282e-09	
1369	1.344500e-08	1.800000e+00	5.801282e-09	
1370	1.345500e-08	1.800000e+00	5.801282e-09	
1371	1.346500e-08	1.800000e+00	5.801282e-09	
1372	1.347500e-08	1.800000e+00	5.801282e-09	
1373	1.348500e-08	1.800000e+00	5.801282e-09	
1374	1.349500e-08	1.800000e+00	5.801282e-09	
1375	1.350500e-08	1.800000e+00	5.801282e-09	
1376	1.351500e-08	1.800000e+00	5.801282e-09	
1377	1.352500e-08	1.800000e+00	5.801282e-09	
1378	1.353500e-08	1.800000e+00	5.801282e-09	
1379	1.354500e-08	1.800000e+00	5.801282e-09	
1380	1.355500e-08	1.800000e+00	5.801282e-09	
1381	1.356500e-08	1.800000e+00	5.801282e-09	
1382	1.357500e-08	1.800000e+00	5.801282e-09	
1383	1.358500e-08	1.800000e+00	5.801282e-09	
1384	1.359500e-08	1.800000e+00	5.801282e-09	
1385	1.360500e-08	1.800000e+00	5.801282e-09	
1386	1.361500e-08	1.800000e+00	5.801282e-09	
1387	1.362500e-08	1.800000e+00	5.801282e-09	
1388	1.363500e-08	1.800000e+00	5.801282e-09	

Index   time            v(in)           v(out)          
--------------------------------------------------------------------------------
1389	1.364500e-08	1.800000e+00	5.801282e-09	
1390	1.365500e-08	1.800000e+00	5.801282e-09	
1391	1.366500e-08	1.800000e+00	5.801282e-09	
1392	1.367500e-08	1.800000e+00	5.801282e-09	
1393	1.368500e-08	1.800000e+00	5.801282e-09	
1394	1.369500e-08	1.800000e+00	5.801282e-09	
1395	1.370500e-08	1.800000e+00	5.801282e-09	
1396	1.371500e-08	1.800000e+00	5.801282e-09	
1397	1.372500e-08	1.800000e+00	5.801282e-09	
1398	1.373500e-08	1.800000e+00	5.801282e-09	
1399	1.374500e-08	1.800000e+00	5.801282e-09	
1400	1.375500e-08	1.800000e+00	5.801282e-09	
1401	1.376500e-08	1.800000e+00	5.801282e-09	
1402	1.377500e-08	1.800000e+00	5.801282e-09	
1403	1.378500e-08	1.800000e+00	5.801282e-09	
1404	1.379500e-08	1.800000e+00	5.801282e-09	
1405	1.380500e-08	1.800000e+00	5.801282e-09	
1406	1.381500e-08	1.800000e+00	5.801282e-09	
1407	1.382500e-08	1.800000e+00	5.801282e-09	
1408	1.383500e-08	1.800000e+00	5.801282e-09	
1409	1.384500e-08	1.800000e+00	5.801282e-09	
1410	1.385500e-08	1.800000e+00	5.801282e-09	
1411	1.386500e-08	1.800000e+00	5.801282e-09	
1412	1.387500e-08	1.800000e+00	5.801282e-09	
1413	1.388500e-08	1.800000e+00	5.801282e-09	
1414	1.389500e-08	1.800000e+00	5.801282e-09	
1415	1.390500e-08	1.800000e+00	5.801282e-09	
1416	1.391500e-08	1.800000e+00	5.801282e-09	
1417	1.392500e-08	1.800000e+00	5.801282e-09	
1418	1.393500e-08	1.800000e+00	5.801282e-09	
1419	1.394500e-08	1.800000e+00	5.801282e-09	
1420	1.395500e-08	1.800000e+00	5.801282e-09	
1421	1.396500e-08	1.800000e+00	5.801282e-09	
1422	1.397500e-08	1.800000e+00	5.801282e-09	
1423	1.398500e-08	1.800000e+00	5.801282e-09	
1424	1.399500e-08	1.800000e+00	5.801282e-09	
1425	1.400500e-08	1.800000e+00	5.801282e-09	
1426	1.401500e-08	1.800000e+00	5.801282e-09	
1427	1.402500e-08	1.800000e+00	5.801282e-09	
1428	1.403500e-08	1.800000e+00	5.801282e-09	
1429	1.404500e-08	1.800000e+00	5.801282e-09	
1430	1.405500e-08	1.800000e+00	5.801282e-09	
1431	1.406500e-08	1.800000e+00	5.801282e-09	
1432	1.407500e-08	1.800000e+00	5.801282e-09	
1433	1.408500e-08	1.800000e+00	5.801282e-09	
1434	1.409500e-08	1.800000e+00	5.801282e-09	
1435	1.410500e-08	1.800000e+00	5.801282e-09	
1436	1.411500e-08	1.800000e+00	5.801282e-09	
1437	1.412500e-08	1.800000e+00	5.801282e-09	
1438	1.413500e-08	1.800000e+00	5.801282e-09	
1439	1.414500e-08	1.800000e+00	5.801282e-09	
1440	1.415500e-08	1.800000e+00	5.801282e-09	
1441	1.416500e-08	1.800000e+00	5.801282e-09	
1442	1.417500e-08	1.800000e+00	5.801282e-09	
1443	1.418500e-08	1.800000e+00	5.801282e-09	
1444	1.419500e-08	1.800000e+00	5.801282e-09	
1445	1.420500e-08	1.800000e+00	5.801282e-09	
1446	1.421500e-08	1.800000e+00	5.801282e-09	

Index   time            v(in)           v(out)          
--------------------------------------------------------------------------------
1447	1.422500e-08	1.800000e+00	5.801282e-09	
1448	1.423500e-08	1.800000e+00	5.801282e-09	
1449	1.424500e-08	1.800000e+00	5.801282e-09	
1450	1.425500e-08	1.800000e+00	5.801282e-09	
1451	1.426500e-08	1.800000e+00	5.801282e-09	
1452	1.427500e-08	1.800000e+00	5.801282e-09	
1453	1.428500e-08	1.800000e+00	5.801282e-09	
1454	1.429500e-08	1.800000e+00	5.801282e-09	
1455	1.430500e-08	1.800000e+00	5.801282e-09	
1456	1.431500e-08	1.800000e+00	5.801282e-09	
1457	1.432500e-08	1.800000e+00	5.801282e-09	
1458	1.433500e-08	1.800000e+00	5.801282e-09	
1459	1.434500e-08	1.800000e+00	5.801282e-09	
1460	1.435500e-08	1.800000e+00	5.801282e-09	
1461	1.436500e-08	1.800000e+00	5.801282e-09	
1462	1.437500e-08	1.800000e+00	5.801282e-09	
1463	1.438500e-08	1.800000e+00	5.801282e-09	
1464	1.439500e-08	1.800000e+00	5.801282e-09	
1465	1.440500e-08	1.800000e+00	5.801282e-09	
1466	1.441500e-08	1.800000e+00	5.801282e-09	
1467	1.442500e-08	1.800000e+00	5.801282e-09	
1468	1.443500e-08	1.800000e+00	5.801282e-09	
1469	1.444500e-08	1.800000e+00	5.801282e-09	
1470	1.445500e-08	1.800000e+00	5.801282e-09	
1471	1.446500e-08	1.800000e+00	5.801282e-09	
1472	1.447500e-08	1.800000e+00	5.801282e-09	
1473	1.448500e-08	1.800000e+00	5.801282e-09	
1474	1.449500e-08	1.800000e+00	5.801282e-09	
1475	1.450500e-08	1.800000e+00	5.801282e-09	
1476	1.451500e-08	1.800000e+00	5.801282e-09	
1477	1.452500e-08	1.800000e+00	5.801282e-09	
1478	1.453500e-08	1.800000e+00	5.801282e-09	
1479	1.454500e-08	1.800000e+00	5.801282e-09	
1480	1.455500e-08	1.800000e+00	5.801282e-09	
1481	1.456500e-08	1.800000e+00	5.801282e-09	
1482	1.457500e-08	1.800000e+00	5.801282e-09	
1483	1.458500e-08	1.800000e+00	5.801282e-09	
1484	1.459500e-08	1.800000e+00	5.801282e-09	
1485	1.460500e-08	1.800000e+00	5.801282e-09	
1486	1.461500e-08	1.800000e+00	5.801282e-09	
1487	1.462500e-08	1.800000e+00	5.801282e-09	
1488	1.463500e-08	1.800000e+00	5.801282e-09	
1489	1.464500e-08	1.800000e+00	5.801282e-09	
1490	1.465500e-08	1.800000e+00	5.801282e-09	
1491	1.466500e-08	1.800000e+00	5.801282e-09	
1492	1.467500e-08	1.800000e+00	5.801282e-09	
1493	1.468500e-08	1.800000e+00	5.801282e-09	
1494	1.469500e-08	1.800000e+00	5.801282e-09	
1495	1.470500e-08	1.800000e+00	5.801282e-09	
1496	1.471500e-08	1.800000e+00	5.801282e-09	
1497	1.472500e-08	1.800000e+00	5.801282e-09	
1498	1.473500e-08	1.800000e+00	5.801282e-09	
1499	1.474500e-08	1.800000e+00	5.801282e-09	
1500	1.475500e-08	1.800000e+00	5.801282e-09	
1501	1.476500e-08	1.800000e+00	5.801282e-09	
1502	1.477500e-08	1.800000e+00	5.801282e-09	
1503	1.478500e-08	1.800000e+00	5.801282e-09	
1504	1.479500e-08	1.800000e+00	5.801282e-09	

Index   time            v(in)           v(out)          
--------------------------------------------------------------------------------
1505	1.480500e-08	1.800000e+00	5.801282e-09	
1506	1.481500e-08	1.800000e+00	5.801282e-09	
1507	1.482500e-08	1.800000e+00	5.801282e-09	
1508	1.483500e-08	1.800000e+00	5.801282e-09	
1509	1.484500e-08	1.800000e+00	5.801282e-09	
1510	1.485500e-08	1.800000e+00	5.801282e-09	
1511	1.486500e-08	1.800000e+00	5.801282e-09	
1512	1.487500e-08	1.800000e+00	5.801282e-09	
1513	1.488500e-08	1.800000e+00	5.801282e-09	
1514	1.489500e-08	1.800000e+00	5.801282e-09	
1515	1.490500e-08	1.800000e+00	5.801282e-09	
1516	1.491500e-08	1.800000e+00	5.801282e-09	
1517	1.492500e-08	1.800000e+00	5.801282e-09	
1518	1.493500e-08	1.800000e+00	5.801282e-09	
1519	1.494500e-08	1.800000e+00	5.801282e-09	
1520	1.495500e-08	1.800000e+00	5.801282e-09	
1521	1.496500e-08	1.800000e+00	5.801282e-09	
1522	1.497500e-08	1.800000e+00	5.801282e-09	
1523	1.498500e-08	1.800000e+00	5.801282e-09	
1524	1.499500e-08	1.800000e+00	5.801282e-09	
1525	1.500500e-08	1.800000e+00	5.801282e-09	
1526	1.501500e-08	1.800000e+00	5.801282e-09	
1527	1.502500e-08	1.800000e+00	5.801282e-09	
1528	1.503500e-08	1.800000e+00	5.801282e-09	
1529	1.504500e-08	1.800000e+00	5.801282e-09	
1530	1.505500e-08	1.800000e+00	5.801282e-09	
1531	1.506500e-08	1.800000e+00	5.801282e-09	
1532	1.507500e-08	1.800000e+00	5.801282e-09	
1533	1.508500e-08	1.800000e+00	5.801282e-09	
1534	1.509500e-08	1.800000e+00	5.801282e-09	
1535	1.510500e-08	1.800000e+00	5.801282e-09	
1536	1.511500e-08	1.800000e+00	5.801282e-09	
1537	1.512500e-08	1.800000e+00	5.801282e-09	
1538	1.513500e-08	1.800000e+00	5.801282e-09	
1539	1.514500e-08	1.800000e+00	5.801282e-09	
1540	1.515500e-08	1.800000e+00	5.801282e-09	
1541	1.516500e-08	1.800000e+00	5.801282e-09	
1542	1.517500e-08	1.800000e+00	5.801282e-09	
1543	1.518500e-08	1.800000e+00	5.801282e-09	
1544	1.519500e-08	1.800000e+00	5.801282e-09	
1545	1.520500e-08	1.800000e+00	5.801282e-09	
1546	1.521500e-08	1.800000e+00	5.801282e-09	
1547	1.522500e-08	1.800000e+00	5.801282e-09	
1548	1.523500e-08	1.800000e+00	5.801282e-09	
1549	1.524500e-08	1.800000e+00	5.801282e-09	
1550	1.525500e-08	1.800000e+00	5.801282e-09	
1551	1.526500e-08	1.800000e+00	5.801282e-09	
1552	1.527500e-08	1.800000e+00	5.801282e-09	
1553	1.528500e-08	1.800000e+00	5.801282e-09	
1554	1.529500e-08	1.800000e+00	5.801282e-09	
1555	1.530500e-08	1.800000e+00	5.801282e-09	
1556	1.531500e-08	1.800000e+00	5.801282e-09	
1557	1.532500e-08	1.800000e+00	5.801282e-09	
1558	1.533500e-08	1.800000e+00	5.801282e-09	
1559	1.534500e-08	1.800000e+00	5.801282e-09	
1560	1.535500e-08	1.800000e+00	5.801282e-09	
1561	1.536500e-08	1.800000e+00	5.801282e-09	
1562	1.537500e-08	1.800000e+00	5.801282e-09	

Index   time            v(in)           v(out)          
--------------------------------------------------------------------------------
1563	1.538500e-08	1.800000e+00	5.801282e-09	
1564	1.539500e-08	1.800000e+00	5.801282e-09	
1565	1.540500e-08	1.800000e+00	5.801282e-09	
1566	1.541500e-08	1.800000e+00	5.801282e-09	
1567	1.542500e-08	1.800000e+00	5.801282e-09	
1568	1.543500e-08	1.800000e+00	5.801282e-09	
1569	1.544500e-08	1.800000e+00	5.801282e-09	
1570	1.545500e-08	1.800000e+00	5.801282e-09	
1571	1.546500e-08	1.800000e+00	5.801282e-09	
1572	1.547500e-08	1.800000e+00	5.801282e-09	
1573	1.548500e-08	1.800000e+00	5.801282e-09	
1574	1.549500e-08	1.800000e+00	5.801282e-09	
1575	1.550500e-08	1.800000e+00	5.801282e-09	
1576	1.551500e-08	1.800000e+00	5.801282e-09	
1577	1.552500e-08	1.800000e+00	5.801282e-09	
1578	1.553500e-08	1.800000e+00	5.801282e-09	
1579	1.554500e-08	1.800000e+00	5.801282e-09	
1580	1.555500e-08	1.800000e+00	5.801282e-09	
1581	1.556500e-08	1.800000e+00	5.801282e-09	
1582	1.557500e-08	1.800000e+00	5.801282e-09	
1583	1.558500e-08	1.800000e+00	5.801282e-09	
1584	1.559500e-08	1.800000e+00	5.801282e-09	
1585	1.560500e-08	1.800000e+00	5.801282e-09	
1586	1.561500e-08	1.800000e+00	5.801282e-09	
1587	1.562500e-08	1.800000e+00	5.801282e-09	
1588	1.563500e-08	1.800000e+00	5.801282e-09	
1589	1.564500e-08	1.800000e+00	5.801282e-09	
1590	1.565500e-08	1.800000e+00	5.801282e-09	
1591	1.566500e-08	1.800000e+00	5.801282e-09	
1592	1.567500e-08	1.800000e+00	5.801282e-09	
1593	1.568500e-08	1.800000e+00	5.801282e-09	
1594	1.569500e-08	1.800000e+00	5.801282e-09	
1595	1.570500e-08	1.800000e+00	5.801282e-09	
1596	1.571500e-08	1.800000e+00	5.801282e-09	
1597	1.572500e-08	1.800000e+00	5.801282e-09	
1598	1.573500e-08	1.800000e+00	5.801282e-09	
1599	1.574500e-08	1.800000e+00	5.801282e-09	
1600	1.575500e-08	1.800000e+00	5.801282e-09	
1601	1.576500e-08	1.800000e+00	5.801282e-09	
1602	1.577500e-08	1.800000e+00	5.801282e-09	
1603	1.578500e-08	1.800000e+00	5.801282e-09	
1604	1.579500e-08	1.800000e+00	5.801282e-09	
1605	1.580500e-08	1.800000e+00	5.801282e-09	
1606	1.581500e-08	1.800000e+00	5.801282e-09	
1607	1.582500e-08	1.800000e+00	5.801282e-09	
1608	1.583500e-08	1.800000e+00	5.801282e-09	
1609	1.584500e-08	1.800000e+00	5.801282e-09	
1610	1.585500e-08	1.800000e+00	5.801282e-09	
1611	1.586500e-08	1.800000e+00	5.801282e-09	
1612	1.587500e-08	1.800000e+00	5.801282e-09	
1613	1.588500e-08	1.800000e+00	5.801282e-09	
1614	1.589500e-08	1.800000e+00	5.801282e-09	
1615	1.590500e-08	1.800000e+00	5.801282e-09	
1616	1.591500e-08	1.800000e+00	5.801282e-09	
1617	1.592500e-08	1.800000e+00	5.801282e-09	
1618	1.593500e-08	1.800000e+00	5.801282e-09	
1619	1.594500e-08	1.800000e+00	5.801282e-09	
1620	1.595500e-08	1.800000e+00	5.801282e-09	

Index   time            v(in)           v(out)          
--------------------------------------------------------------------------------
1621	1.596500e-08	1.800000e+00	5.801282e-09	
1622	1.597500e-08	1.800000e+00	5.801282e-09	
1623	1.598500e-08	1.800000e+00	5.801282e-09	
1624	1.599500e-08	1.800000e+00	5.801282e-09	
1625	1.600500e-08	1.800000e+00	5.801282e-09	
1626	1.601500e-08	1.800000e+00	5.801282e-09	
1627	1.602500e-08	1.800000e+00	5.801282e-09	
1628	1.603500e-08	1.800000e+00	5.801282e-09	
1629	1.604500e-08	1.800000e+00	5.801282e-09	
1630	1.605500e-08	1.800000e+00	5.801282e-09	
1631	1.606500e-08	1.800000e+00	5.801282e-09	
1632	1.607500e-08	1.800000e+00	5.801282e-09	
1633	1.608500e-08	1.800000e+00	5.801282e-09	
1634	1.609500e-08	1.800000e+00	5.801282e-09	
1635	1.610000e-08	1.800000e+00	5.801276e-09	
1636	1.610100e-08	1.782000e+00	-5.17060e-03	
1637	1.610300e-08	1.746000e+00	-8.30607e-03	
1638	1.610700e-08	1.674000e+00	-7.25334e-03	
1639	1.611500e-08	1.530000e+00	-9.49233e-03	
1640	1.612500e-08	1.350000e+00	-1.02421e-02	
1641	1.613500e-08	1.170000e+00	-6.61717e-03	
1642	1.614500e-08	9.900000e-01	4.271606e-02	
1643	1.615500e-08	8.100000e-01	7.791147e-01	
1644	1.616500e-08	6.300000e-01	1.619782e+00	
1645	1.617500e-08	4.500000e-01	1.787810e+00	
1646	1.618500e-08	2.700000e-01	1.762980e+00	
1647	1.619500e-08	9.000000e-02	1.780573e+00	
1648	1.620000e-08	0.000000e+00	1.776767e+00	
1649	1.620100e-08	0.000000e+00	1.787350e+00	
1650	1.620300e-08	0.000000e+00	1.798859e+00	
1651	1.620700e-08	0.000000e+00	1.800287e+00	
1652	1.621500e-08	0.000000e+00	1.799845e+00	
1653	1.622500e-08	0.000000e+00	1.800095e+00	
1654	1.623500e-08	0.000000e+00	1.799942e+00	
1655	1.624500e-08	0.000000e+00	1.800036e+00	
1656	1.625500e-08	0.000000e+00	1.799978e+00	
1657	1.626500e-08	0.000000e+00	1.800014e+00	
1658	1.627500e-08	0.000000e+00	1.799992e+00	
1659	1.628500e-08	0.000000e+00	1.800005e+00	
1660	1.629500e-08	0.000000e+00	1.799997e+00	
1661	1.630500e-08	0.000000e+00	1.800002e+00	
1662	1.631500e-08	0.000000e+00	1.799999e+00	
1663	1.632500e-08	0.000000e+00	1.800001e+00	
1664	1.633500e-08	0.000000e+00	1.800000e+00	
1665	1.634500e-08	0.000000e+00	1.800000e+00	
1666	1.635500e-08	0.000000e+00	1.800000e+00	
1667	1.636500e-08	0.000000e+00	1.800000e+00	
1668	1.637500e-08	0.000000e+00	1.800000e+00	
1669	1.638500e-08	0.000000e+00	1.800000e+00	
1670	1.639500e-08	0.000000e+00	1.800000e+00	
1671	1.640500e-08	0.000000e+00	1.800000e+00	
1672	1.641500e-08	0.000000e+00	1.800000e+00	
1673	1.642500e-08	0.000000e+00	1.800000e+00	
1674	1.643500e-08	0.000000e+00	1.800000e+00	
1675	1.644500e-08	0.000000e+00	1.800000e+00	
1676	1.645500e-08	0.000000e+00	1.800000e+00	
1677	1.646500e-08	0.000000e+00	1.800000e+00	
1678	1.647500e-08	0.000000e+00	1.800000e+00	

Index   time            v(in)           v(out)          
--------------------------------------------------------------------------------
1679	1.648500e-08	0.000000e+00	1.800000e+00	
1680	1.649500e-08	0.000000e+00	1.800000e+00	
1681	1.650500e-08	0.000000e+00	1.800000e+00	
1682	1.651500e-08	0.000000e+00	1.800000e+00	
1683	1.652500e-08	0.000000e+00	1.800000e+00	
1684	1.653500e-08	0.000000e+00	1.800000e+00	
1685	1.654500e-08	0.000000e+00	1.800000e+00	
1686	1.655500e-08	0.000000e+00	1.800000e+00	
1687	1.656500e-08	0.000000e+00	1.800000e+00	
1688	1.657500e-08	0.000000e+00	1.800000e+00	
1689	1.658500e-08	0.000000e+00	1.800000e+00	
1690	1.659500e-08	0.000000e+00	1.800000e+00	
1691	1.660500e-08	0.000000e+00	1.800000e+00	
1692	1.661500e-08	0.000000e+00	1.800000e+00	
1693	1.662500e-08	0.000000e+00	1.800000e+00	
1694	1.663500e-08	0.000000e+00	1.800000e+00	
1695	1.664500e-08	0.000000e+00	1.800000e+00	
1696	1.665500e-08	0.000000e+00	1.800000e+00	
1697	1.666500e-08	0.000000e+00	1.800000e+00	
1698	1.667500e-08	0.000000e+00	1.800000e+00	
1699	1.668500e-08	0.000000e+00	1.800000e+00	
1700	1.669500e-08	0.000000e+00	1.800000e+00	
1701	1.670500e-08	0.000000e+00	1.800000e+00	
1702	1.671500e-08	0.000000e+00	1.800000e+00	
1703	1.672500e-08	0.000000e+00	1.800000e+00	
1704	1.673500e-08	0.000000e+00	1.800000e+00	
1705	1.674500e-08	0.000000e+00	1.800000e+00	
1706	1.675500e-08	0.000000e+00	1.800000e+00	
1707	1.676500e-08	0.000000e+00	1.800000e+00	
1708	1.677500e-08	0.000000e+00	1.800000e+00	
1709	1.678500e-08	0.000000e+00	1.800000e+00	
1710	1.679500e-08	0.000000e+00	1.800000e+00	
1711	1.680500e-08	0.000000e+00	1.800000e+00	
1712	1.681500e-08	0.000000e+00	1.800000e+00	
1713	1.682500e-08	0.000000e+00	1.800000e+00	
1714	1.683500e-08	0.000000e+00	1.800000e+00	
1715	1.684500e-08	0.000000e+00	1.800000e+00	
1716	1.685500e-08	0.000000e+00	1.800000e+00	
1717	1.686500e-08	0.000000e+00	1.800000e+00	
1718	1.687500e-08	0.000000e+00	1.800000e+00	
1719	1.688500e-08	0.000000e+00	1.800000e+00	
1720	1.689500e-08	0.000000e+00	1.800000e+00	
1721	1.690500e-08	0.000000e+00	1.800000e+00	
1722	1.691500e-08	0.000000e+00	1.800000e+00	
1723	1.692500e-08	0.000000e+00	1.800000e+00	
1724	1.693500e-08	0.000000e+00	1.800000e+00	
1725	1.694500e-08	0.000000e+00	1.800000e+00	
1726	1.695500e-08	0.000000e+00	1.800000e+00	
1727	1.696500e-08	0.000000e+00	1.800000e+00	
1728	1.697500e-08	0.000000e+00	1.800000e+00	
1729	1.698500e-08	0.000000e+00	1.800000e+00	
1730	1.699500e-08	0.000000e+00	1.800000e+00	
1731	1.700500e-08	0.000000e+00	1.800000e+00	
1732	1.701500e-08	0.000000e+00	1.800000e+00	
1733	1.702500e-08	0.000000e+00	1.800000e+00	
1734	1.703500e-08	0.000000e+00	1.800000e+00	
1735	1.704500e-08	0.000000e+00	1.800000e+00	
1736	1.705500e-08	0.000000e+00	1.800000e+00	

Index   time            v(in)           v(out)          
--------------------------------------------------------------------------------
1737	1.706500e-08	0.000000e+00	1.800000e+00	
1738	1.707500e-08	0.000000e+00	1.800000e+00	
1739	1.708500e-08	0.000000e+00	1.800000e+00	
1740	1.709500e-08	0.000000e+00	1.800000e+00	
1741	1.710500e-08	0.000000e+00	1.800000e+00	
1742	1.711500e-08	0.000000e+00	1.800000e+00	
1743	1.712500e-08	0.000000e+00	1.800000e+00	
1744	1.713500e-08	0.000000e+00	1.800000e+00	
1745	1.714500e-08	0.000000e+00	1.800000e+00	
1746	1.715500e-08	0.000000e+00	1.800000e+00	
1747	1.716500e-08	0.000000e+00	1.800000e+00	
1748	1.717500e-08	0.000000e+00	1.800000e+00	
1749	1.718500e-08	0.000000e+00	1.800000e+00	
1750	1.719500e-08	0.000000e+00	1.800000e+00	
1751	1.720500e-08	0.000000e+00	1.800000e+00	
1752	1.721500e-08	0.000000e+00	1.800000e+00	
1753	1.722500e-08	0.000000e+00	1.800000e+00	
1754	1.723500e-08	0.000000e+00	1.800000e+00	
1755	1.724500e-08	0.000000e+00	1.800000e+00	
1756	1.725500e-08	0.000000e+00	1.800000e+00	
1757	1.726500e-08	0.000000e+00	1.800000e+00	
1758	1.727500e-08	0.000000e+00	1.800000e+00	
1759	1.728500e-08	0.000000e+00	1.800000e+00	
1760	1.729500e-08	0.000000e+00	1.800000e+00	
1761	1.730500e-08	0.000000e+00	1.800000e+00	
1762	1.731500e-08	0.000000e+00	1.800000e+00	
1763	1.732500e-08	0.000000e+00	1.800000e+00	
1764	1.733500e-08	0.000000e+00	1.800000e+00	
1765	1.734500e-08	0.000000e+00	1.800000e+00	
1766	1.735500e-08	0.000000e+00	1.800000e+00	
1767	1.736500e-08	0.000000e+00	1.800000e+00	
1768	1.737500e-08	0.000000e+00	1.800000e+00	
1769	1.738500e-08	0.000000e+00	1.800000e+00	
1770	1.739500e-08	0.000000e+00	1.800000e+00	
1771	1.740500e-08	0.000000e+00	1.800000e+00	
1772	1.741500e-08	0.000000e+00	1.800000e+00	
1773	1.742500e-08	0.000000e+00	1.800000e+00	
1774	1.743500e-08	0.000000e+00	1.800000e+00	
1775	1.744500e-08	0.000000e+00	1.800000e+00	
1776	1.745500e-08	0.000000e+00	1.800000e+00	
1777	1.746500e-08	0.000000e+00	1.800000e+00	
1778	1.747500e-08	0.000000e+00	1.800000e+00	
1779	1.748500e-08	0.000000e+00	1.800000e+00	
1780	1.749500e-08	0.000000e+00	1.800000e+00	
1781	1.750500e-08	0.000000e+00	1.800000e+00	
1782	1.751500e-08	0.000000e+00	1.800000e+00	
1783	1.752500e-08	0.000000e+00	1.800000e+00	
1784	1.753500e-08	0.000000e+00	1.800000e+00	
1785	1.754500e-08	0.000000e+00	1.800000e+00	
1786	1.755500e-08	0.000000e+00	1.800000e+00	
1787	1.756500e-08	0.000000e+00	1.800000e+00	
1788	1.757500e-08	0.000000e+00	1.800000e+00	
1789	1.758500e-08	0.000000e+00	1.800000e+00	
1790	1.759500e-08	0.000000e+00	1.800000e+00	
1791	1.760500e-08	0.000000e+00	1.800000e+00	
1792	1.761500e-08	0.000000e+00	1.800000e+00	
1793	1.762500e-08	0.000000e+00	1.800000e+00	
1794	1.763500e-08	0.000000e+00	1.800000e+00	

Index   time            v(in)           v(out)          
--------------------------------------------------------------------------------
1795	1.764500e-08	0.000000e+00	1.800000e+00	
1796	1.765500e-08	0.000000e+00	1.800000e+00	
1797	1.766500e-08	0.000000e+00	1.800000e+00	
1798	1.767500e-08	0.000000e+00	1.800000e+00	
1799	1.768500e-08	0.000000e+00	1.800000e+00	
1800	1.769500e-08	0.000000e+00	1.800000e+00	
1801	1.770500e-08	0.000000e+00	1.800000e+00	
1802	1.771500e-08	0.000000e+00	1.800000e+00	
1803	1.772500e-08	0.000000e+00	1.800000e+00	
1804	1.773500e-08	0.000000e+00	1.800000e+00	
1805	1.774500e-08	0.000000e+00	1.800000e+00	
1806	1.775500e-08	0.000000e+00	1.800000e+00	
1807	1.776500e-08	0.000000e+00	1.800000e+00	
1808	1.777500e-08	0.000000e+00	1.800000e+00	
1809	1.778500e-08	0.000000e+00	1.800000e+00	
1810	1.779500e-08	0.000000e+00	1.800000e+00	
1811	1.780500e-08	0.000000e+00	1.800000e+00	
1812	1.781500e-08	0.000000e+00	1.800000e+00	
1813	1.782500e-08	0.000000e+00	1.800000e+00	
1814	1.783500e-08	0.000000e+00	1.800000e+00	
1815	1.784500e-08	0.000000e+00	1.800000e+00	
1816	1.785500e-08	0.000000e+00	1.800000e+00	
1817	1.786500e-08	0.000000e+00	1.800000e+00	
1818	1.787500e-08	0.000000e+00	1.800000e+00	
1819	1.788500e-08	0.000000e+00	1.800000e+00	
1820	1.789500e-08	0.000000e+00	1.800000e+00	
1821	1.790500e-08	0.000000e+00	1.800000e+00	
1822	1.791500e-08	0.000000e+00	1.800000e+00	
1823	1.792500e-08	0.000000e+00	1.800000e+00	
1824	1.793500e-08	0.000000e+00	1.800000e+00	
1825	1.794500e-08	0.000000e+00	1.800000e+00	
1826	1.795500e-08	0.000000e+00	1.800000e+00	
1827	1.796500e-08	0.000000e+00	1.800000e+00	
1828	1.797500e-08	0.000000e+00	1.800000e+00	
1829	1.798500e-08	0.000000e+00	1.800000e+00	
1830	1.799500e-08	0.000000e+00	1.800000e+00	
1831	1.800500e-08	0.000000e+00	1.800000e+00	
1832	1.801500e-08	0.000000e+00	1.800000e+00	
1833	1.802500e-08	0.000000e+00	1.800000e+00	
1834	1.803500e-08	0.000000e+00	1.800000e+00	
1835	1.804500e-08	0.000000e+00	1.800000e+00	
1836	1.805500e-08	0.000000e+00	1.800000e+00	
1837	1.806500e-08	0.000000e+00	1.800000e+00	
1838	1.807500e-08	0.000000e+00	1.800000e+00	
1839	1.808500e-08	0.000000e+00	1.800000e+00	
1840	1.809500e-08	0.000000e+00	1.800000e+00	
1841	1.810500e-08	0.000000e+00	1.800000e+00	
1842	1.811500e-08	0.000000e+00	1.800000e+00	
1843	1.812500e-08	0.000000e+00	1.800000e+00	
1844	1.813500e-08	0.000000e+00	1.800000e+00	
1845	1.814500e-08	0.000000e+00	1.800000e+00	
1846	1.815500e-08	0.000000e+00	1.800000e+00	
1847	1.816500e-08	0.000000e+00	1.800000e+00	
1848	1.817500e-08	0.000000e+00	1.800000e+00	
1849	1.818500e-08	0.000000e+00	1.800000e+00	
1850	1.819500e-08	0.000000e+00	1.800000e+00	
1851	1.820500e-08	0.000000e+00	1.800000e+00	
1852	1.821500e-08	0.000000e+00	1.800000e+00	

Index   time            v(in)           v(out)          
--------------------------------------------------------------------------------
1853	1.822500e-08	0.000000e+00	1.800000e+00	
1854	1.823500e-08	0.000000e+00	1.800000e+00	
1855	1.824500e-08	0.000000e+00	1.800000e+00	
1856	1.825500e-08	0.000000e+00	1.800000e+00	
1857	1.826500e-08	0.000000e+00	1.800000e+00	
1858	1.827500e-08	0.000000e+00	1.800000e+00	
1859	1.828500e-08	0.000000e+00	1.800000e+00	
1860	1.829500e-08	0.000000e+00	1.800000e+00	
1861	1.830500e-08	0.000000e+00	1.800000e+00	
1862	1.831500e-08	0.000000e+00	1.800000e+00	
1863	1.832500e-08	0.000000e+00	1.800000e+00	
1864	1.833500e-08	0.000000e+00	1.800000e+00	
1865	1.834500e-08	0.000000e+00	1.800000e+00	
1866	1.835500e-08	0.000000e+00	1.800000e+00	
1867	1.836500e-08	0.000000e+00	1.800000e+00	
1868	1.837500e-08	0.000000e+00	1.800000e+00	
1869	1.838500e-08	0.000000e+00	1.800000e+00	
1870	1.839500e-08	0.000000e+00	1.800000e+00	
1871	1.840500e-08	0.000000e+00	1.800000e+00	
1872	1.841500e-08	0.000000e+00	1.800000e+00	
1873	1.842500e-08	0.000000e+00	1.800000e+00	
1874	1.843500e-08	0.000000e+00	1.800000e+00	
1875	1.844500e-08	0.000000e+00	1.800000e+00	
1876	1.845500e-08	0.000000e+00	1.800000e+00	
1877	1.846500e-08	0.000000e+00	1.800000e+00	
1878	1.847500e-08	0.000000e+00	1.800000e+00	
1879	1.848500e-08	0.000000e+00	1.800000e+00	
1880	1.849500e-08	0.000000e+00	1.800000e+00	
1881	1.850500e-08	0.000000e+00	1.800000e+00	
1882	1.851500e-08	0.000000e+00	1.800000e+00	
1883	1.852500e-08	0.000000e+00	1.800000e+00	
1884	1.853500e-08	0.000000e+00	1.800000e+00	
1885	1.854500e-08	0.000000e+00	1.800000e+00	
1886	1.855500e-08	0.000000e+00	1.800000e+00	
1887	1.856500e-08	0.000000e+00	1.800000e+00	
1888	1.857500e-08	0.000000e+00	1.800000e+00	
1889	1.858500e-08	0.000000e+00	1.800000e+00	
1890	1.859500e-08	0.000000e+00	1.800000e+00	
1891	1.860500e-08	0.000000e+00	1.800000e+00	
1892	1.861500e-08	0.000000e+00	1.800000e+00	
1893	1.862500e-08	0.000000e+00	1.800000e+00	
1894	1.863500e-08	0.000000e+00	1.800000e+00	
1895	1.864500e-08	0.000000e+00	1.800000e+00	
1896	1.865500e-08	0.000000e+00	1.800000e+00	
1897	1.866500e-08	0.000000e+00	1.800000e+00	
1898	1.867500e-08	0.000000e+00	1.800000e+00	
1899	1.868500e-08	0.000000e+00	1.800000e+00	
1900	1.869500e-08	0.000000e+00	1.800000e+00	
1901	1.870500e-08	0.000000e+00	1.800000e+00	
1902	1.871500e-08	0.000000e+00	1.800000e+00	
1903	1.872500e-08	0.000000e+00	1.800000e+00	
1904	1.873500e-08	0.000000e+00	1.800000e+00	
1905	1.874500e-08	0.000000e+00	1.800000e+00	
1906	1.875500e-08	0.000000e+00	1.800000e+00	
1907	1.876500e-08	0.000000e+00	1.800000e+00	
1908	1.877500e-08	0.000000e+00	1.800000e+00	
1909	1.878500e-08	0.000000e+00	1.800000e+00	
1910	1.879500e-08	0.000000e+00	1.800000e+00	

Index   time            v(in)           v(out)          
--------------------------------------------------------------------------------
1911	1.880500e-08	0.000000e+00	1.800000e+00	
1912	1.881500e-08	0.000000e+00	1.800000e+00	
1913	1.882500e-08	0.000000e+00	1.800000e+00	
1914	1.883500e-08	0.000000e+00	1.800000e+00	
1915	1.884500e-08	0.000000e+00	1.800000e+00	
1916	1.885500e-08	0.000000e+00	1.800000e+00	
1917	1.886500e-08	0.000000e+00	1.800000e+00	
1918	1.887500e-08	0.000000e+00	1.800000e+00	
1919	1.888500e-08	0.000000e+00	1.800000e+00	
1920	1.889500e-08	0.000000e+00	1.800000e+00	
1921	1.890500e-08	0.000000e+00	1.800000e+00	
1922	1.891500e-08	0.000000e+00	1.800000e+00	
1923	1.892500e-08	0.000000e+00	1.800000e+00	
1924	1.893500e-08	0.000000e+00	1.800000e+00	
1925	1.894500e-08	0.000000e+00	1.800000e+00	
1926	1.895500e-08	0.000000e+00	1.800000e+00	
1927	1.896500e-08	0.000000e+00	1.800000e+00	
1928	1.897500e-08	0.000000e+00	1.800000e+00	
1929	1.898500e-08	0.000000e+00	1.800000e+00	
1930	1.899500e-08	0.000000e+00	1.800000e+00	
1931	1.900500e-08	0.000000e+00	1.800000e+00	
1932	1.901500e-08	0.000000e+00	1.800000e+00	
1933	1.902500e-08	0.000000e+00	1.800000e+00	
1934	1.903500e-08	0.000000e+00	1.800000e+00	
1935	1.904500e-08	0.000000e+00	1.800000e+00	
1936	1.905500e-08	0.000000e+00	1.800000e+00	
1937	1.906500e-08	0.000000e+00	1.800000e+00	
1938	1.907500e-08	0.000000e+00	1.800000e+00	
1939	1.908500e-08	0.000000e+00	1.800000e+00	
1940	1.909500e-08	0.000000e+00	1.800000e+00	
1941	1.910500e-08	0.000000e+00	1.800000e+00	
1942	1.911500e-08	0.000000e+00	1.800000e+00	
1943	1.912500e-08	0.000000e+00	1.800000e+00	
1944	1.913500e-08	0.000000e+00	1.800000e+00	
1945	1.914500e-08	0.000000e+00	1.800000e+00	
1946	1.915500e-08	0.000000e+00	1.800000e+00	
1947	1.916500e-08	0.000000e+00	1.800000e+00	
1948	1.917500e-08	0.000000e+00	1.800000e+00	
1949	1.918500e-08	0.000000e+00	1.800000e+00	
1950	1.919500e-08	0.000000e+00	1.800000e+00	
1951	1.920500e-08	0.000000e+00	1.800000e+00	
1952	1.921500e-08	0.000000e+00	1.800000e+00	
1953	1.922500e-08	0.000000e+00	1.800000e+00	
1954	1.923500e-08	0.000000e+00	1.800000e+00	
1955	1.924500e-08	0.000000e+00	1.800000e+00	
1956	1.925500e-08	0.000000e+00	1.800000e+00	
1957	1.926500e-08	0.000000e+00	1.800000e+00	
1958	1.927500e-08	0.000000e+00	1.800000e+00	
1959	1.928500e-08	0.000000e+00	1.800000e+00	
1960	1.929500e-08	0.000000e+00	1.800000e+00	
1961	1.930500e-08	0.000000e+00	1.800000e+00	
1962	1.931500e-08	0.000000e+00	1.800000e+00	
1963	1.932500e-08	0.000000e+00	1.800000e+00	
1964	1.933500e-08	0.000000e+00	1.800000e+00	
1965	1.934500e-08	0.000000e+00	1.800000e+00	
1966	1.935500e-08	0.000000e+00	1.800000e+00	
1967	1.936500e-08	0.000000e+00	1.800000e+00	
1968	1.937500e-08	0.000000e+00	1.800000e+00	

Index   time            v(in)           v(out)          
--------------------------------------------------------------------------------
1969	1.938500e-08	0.000000e+00	1.800000e+00	
1970	1.939500e-08	0.000000e+00	1.800000e+00	
1971	1.940500e-08	0.000000e+00	1.800000e+00	
1972	1.941500e-08	0.000000e+00	1.800000e+00	
1973	1.942500e-08	0.000000e+00	1.800000e+00	
1974	1.943500e-08	0.000000e+00	1.800000e+00	
1975	1.944500e-08	0.000000e+00	1.800000e+00	
1976	1.945500e-08	0.000000e+00	1.800000e+00	
1977	1.946500e-08	0.000000e+00	1.800000e+00	
1978	1.947500e-08	0.000000e+00	1.800000e+00	
1979	1.948500e-08	0.000000e+00	1.800000e+00	
1980	1.949500e-08	0.000000e+00	1.800000e+00	
1981	1.950500e-08	0.000000e+00	1.800000e+00	
1982	1.951500e-08	0.000000e+00	1.800000e+00	
1983	1.952500e-08	0.000000e+00	1.800000e+00	
1984	1.953500e-08	0.000000e+00	1.800000e+00	
1985	1.954500e-08	0.000000e+00	1.800000e+00	
1986	1.955500e-08	0.000000e+00	1.800000e+00	
1987	1.956500e-08	0.000000e+00	1.800000e+00	
1988	1.957500e-08	0.000000e+00	1.800000e+00	
1989	1.958500e-08	0.000000e+00	1.800000e+00	
1990	1.959500e-08	0.000000e+00	1.800000e+00	
1991	1.960500e-08	0.000000e+00	1.800000e+00	
1992	1.961500e-08	0.000000e+00	1.800000e+00	
1993	1.962500e-08	0.000000e+00	1.800000e+00	
1994	1.963500e-08	0.000000e+00	1.800000e+00	
1995	1.964500e-08	0.000000e+00	1.800000e+00	
1996	1.965500e-08	0.000000e+00	1.800000e+00	
1997	1.966500e-08	0.000000e+00	1.800000e+00	
1998	1.967500e-08	0.000000e+00	1.800000e+00	
1999	1.968500e-08	0.000000e+00	1.800000e+00	
2000	1.969500e-08	0.000000e+00	1.800000e+00	
2001	1.970500e-08	0.000000e+00	1.800000e+00	
2002	1.971500e-08	0.000000e+00	1.800000e+00	
2003	1.972500e-08	0.000000e+00	1.800000e+00	
2004	1.973500e-08	0.000000e+00	1.800000e+00	
2005	1.974500e-08	0.000000e+00	1.800000e+00	
2006	1.975500e-08	0.000000e+00	1.800000e+00	
2007	1.976500e-08	0.000000e+00	1.800000e+00	
2008	1.977500e-08	0.000000e+00	1.800000e+00	
2009	1.978500e-08	0.000000e+00	1.800000e+00	
2010	1.979500e-08	0.000000e+00	1.800000e+00	
2011	1.980500e-08	0.000000e+00	1.800000e+00	
2012	1.981500e-08	0.000000e+00	1.800000e+00	
2013	1.982500e-08	0.000000e+00	1.800000e+00	
2014	1.983500e-08	0.000000e+00	1.800000e+00	
2015	1.984500e-08	0.000000e+00	1.800000e+00	
2016	1.985500e-08	0.000000e+00	1.800000e+00	
2017	1.986500e-08	0.000000e+00	1.800000e+00	
2018	1.987500e-08	0.000000e+00	1.800000e+00	
2019	1.988500e-08	0.000000e+00	1.800000e+00	
2020	1.989500e-08	0.000000e+00	1.800000e+00	
2021	1.990500e-08	0.000000e+00	1.800000e+00	
2022	1.991500e-08	0.000000e+00	1.800000e+00	
2023	1.992500e-08	0.000000e+00	1.800000e+00	
2024	1.993500e-08	0.000000e+00	1.800000e+00	
2025	1.994500e-08	0.000000e+00	1.800000e+00	
2026	1.995500e-08	0.000000e+00	1.800000e+00	

Index   time            v(in)           v(out)          
--------------------------------------------------------------------------------
2027	1.996500e-08	0.000000e+00	1.800000e+00	
2028	1.997500e-08	0.000000e+00	1.800000e+00	
2029	1.998500e-08	0.000000e+00	1.800000e+00	
2030	1.999500e-08	0.000000e+00	1.800000e+00	
2031	2.000000e-08	0.000000e+00	1.800000e+00	


Total analysis time (seconds) = 0.00527863

Total elapsed time (seconds) = 0.008 

Total DRAM available = 16013.297 MB.
DRAM currently available =  336.715 MB.
Maximum ngspice program size =   21.805 MB.
Current ngspice program size =   12.527 MB.

Shared ngspice pages =   10.504 MB.
Text (code) pages =    6.543 MB.
Stack = 0 bytes.
Library pages =    2.125 MB.

