288abae9a50e3fc19d9f2148ed18ae78eb37527a
 M README.md
 M compiler/alapeno_as.c
 M rtl/core/alapeno_pkg.sv
 M rtl/matrix/alapeno_matrix.sv
 M rtl/memory/alapeno_mem.sv
 M rtl/memory/sram_cut.md
 M verification/HARDWARE_V1.md
 M verification/physical/bitcell_hold.sp
 M verification/physical/fa_tran.sp
 M verification/physical/inv_tran.sp
 M verification/rtl/tb_mac_ref.sv
 M verification/rtl/tb_tile4_rom.sv
?? .gitignore
?? Makefile
?? scripts/
?? verification/rtl/mem_reference.sv
?? verification/rtl/tb_geom_overlap.sv
?? verification/rtl/tb_mem_equiv.sv
?? verification/rtl/tb_project_capacity.sv
?? verification/rtl/tb_rect_bounds.sv
?? verification/rtl/tb_tile_gate.sv
7da29c4c8abb8eae16a2f9a77e26c8463a20a1bbf6a4c2daecffe8c0551c4d3b  rtl/core/alapeno_pkg.sv
de1822df616808792890bc65953fa8e4ae543e0b638961a41984c487c7c57ea3  rtl/core/alapeno_core.sv
72fe2e47585012051b8ce093038937d4b5d8ef585b5464d63ba951b09a1fa8ee  rtl/mac/alapeno_mac.sv
6f9fb9516a827f86aa876e95dd0a6dd8669b0c2ad00e5e51fa108d65622a5450  rtl/matrix/alapeno_matrix.sv
4c75ca487c2a01916ed8458053a85ca14f79d245d4d03422440e795d84d3ac01  rtl/vector/alapeno_vector.sv
fda9bfa9ff9b35d240d25bb16b7c18db2cb701cd34626458726025e66124b05b  rtl/matrix/alapeno_accel.sv
afd5e25510492eb8e55476d77bc3f239802548f65ce5d014fd3c35644c39931b  rtl/matrix/alapeno_tile_ctrl.sv
5ed621aa80dbbb037754328e83f8c44f11f695b4494e67dc5e0888af6c6f6145  rtl/dma/alapeno_dma.sv
c4eaa1617b0a4610efd08ebc4bfa7d1660521afd6208a831e92aaf6b41c23e86  rtl/memory/alapeno_mem.sv
176a22af8686977c90639119e7a7788de153aff5540e20fe08b748193d0f31a6  rtl/alapeno_top.sv
c3ef63aa02f1754abb956a14835f31a16a9c728dafbbf24e50fc142849e1b0d1  compiler/alapeno_as.c
303cf0abb0fb211b2a1c3dde9a55f61c51e482485d45ca74751aea148381f626  compiler/tile4.s
1bafd314151c3bca9f349427d5ecfde05414607e2635eb5cbe656704085f568f  scripts/common.sh
5aa836fc6ddf48b8dbf362b4c90e9a2d29c8910b6f4a120d4df5944afdebd8ce  scripts/gate-test.sh
296642e43c36bf56d8ce58a8244a84f0444c9d352313e1262263b2df1a53dd8f  scripts/physical.sh
aefde29d868c6fbb27c04a5d111551332f5de5497a45d27dfd7a7d77d688b5ba  scripts/proofs.sh
38b1165a0cdf2e8247a1aa14dd1f2905569e619cd2b9bc7fc5465484661efa5e  scripts/regress.sh
4b2496e2f7efc0156f09478cbd1e6f41bbfa71aa6bcc3efda444d7f735b0f3c4  scripts/synth.sh
cc (Debian 14.2.0-19) 14.2.0
00000000: 00221800  ; add x1, x2, x3
00000004: 04853000  ; sub x4, x5, x6
00000008: 40e8fffc  ; addi x7, x8, -4
0000000c: 812a0008  ; ld x9, 8(x10)
00000010: a16c0010  ; sd x11, 16(x12)
00000014: a5ae0004  ; sw x13, 4(x14)
00000018: 91f00000  ; lwu x15, 0(x16)
0000001c: 5a201000  ; lui x17, 0x1000
00000020: da400008  ; jal x18, 8
00000024: 3274a800  ; mul.lo x19, x20, x21
00000028: 60011600  ; zmac z0, x1, x2
0000002c: 60640700  ; modp z3, z4
00000030: 64a63800  ; red.sum z5, x6, x7
00000034: 46d70007  ; andi x22, x23, 7
00000038: c3190004  ; beq x24, x25, 4
0000003c: c75bfffc  ; bne x26, x27, -4
00000040: f8000000  ; halt
00000000: 59401000  ; lui   x10, 0x1000
00000004: 41600002  ; addi  x11, x0, 2
00000008: a16a0000  ; sd    x11, 0(x10)
0000000c: 41600004  ; addi  x11, x0, 4
00000010: a16a0008  ; sd    x11, 8(x10)
00000014: a00a0010  ; sd    x0, 16(x10)
00000018: a00a0018  ; sd    x0, 24(x10)
0000001c: 41600003  ; addi  x11, x0, 3
00000020: a16a0020  ; sd    x11, 32(x10)
00000024: 41600003  ; addi  x11, x0, 3
00000028: a16a0028  ; sd    x11, 40(x10)
0000002c: a00a0030  ; sd    x0, 48(x10)
00000030: 41600004  ; addi  x11, x0, 4
00000034: a16a0038  ; sd    x11, 56(x10)
00000038: 41600003  ; addi  x11, x0, 3
0000003c: a16a0040  ; sd    x11, 64(x10)
00000040: 41600003  ; addi  x11, x0, 3
00000044: a16a0048  ; sd    x11, 72(x10)
00000048: 41600003  ; addi  x11, x0, 3
0000004c: a16a0050  ; sd    x11, 80(x10)
00000050: 41600002  ; addi  x11, x0, 2
00000054: a16a0058  ; sd    x11, 88(x10)
00000058: 41600002  ; addi  x11, x0, 2
0000005c: a16a0060  ; sd    x11, 96(x10)
00000060: 41600001  ; addi  x11, x0, 1
00000064: a16a0068  ; sd    x11, 104(x10)
00000068: 41600002  ; addi  x11, x0, 2
0000006c: a16a0070  ; sd    x11, 112(x10)
00000070: a00a0078  ; sd    x0, 120(x10)
00000074: 414a0080  ; addi  x10, x10, 0x80
00000078: 41600001  ; addi  x11, x0, 1
0000007c: a16a0000  ; sd    x11, 0(x10)
00000080: 41600003  ; addi  x11, x0, 3
00000084: a16a0008  ; sd    x11, 8(x10)
00000088: 41600002  ; addi  x11, x0, 2
0000008c: a16a0010  ; sd    x11, 16(x10)
00000090: 41600002  ; addi  x11, x0, 2
00000094: a16a0018  ; sd    x11, 24(x10)
00000098: 41600004  ; addi  x11, x0, 4
0000009c: a16a0020  ; sd    x11, 32(x10)
000000a0: 41600003  ; addi  x11, x0, 3
000000a4: a16a0028  ; sd    x11, 40(x10)
000000a8: 41600002  ; addi  x11, x0, 2
000000ac: a16a0030  ; sd    x11, 48(x10)
000000b0: 41600003  ; addi  x11, x0, 3
000000b4: a16a0038  ; sd    x11, 56(x10)
000000b8: a00a0040  ; sd    x0, 64(x10)
000000bc: 41600003  ; addi  x11, x0, 3
000000c0: a16a0048  ; sd    x11, 72(x10)
000000c4: 41600002  ; addi  x11, x0, 2
000000c8: a16a0050  ; sd    x11, 80(x10)
000000cc: 41600004  ; addi  x11, x0, 4
000000d0: a16a0058  ; sd    x11, 88(x10)
000000d4: 41600002  ; addi  x11, x0, 2
000000d8: a16a0060  ; sd    x11, 96(x10)
000000dc: 41600001  ; addi  x11, x0, 1
000000e0: a16a0068  ; sd    x11, 104(x10)
000000e4: a00a0070  ; sd    x0, 112(x10)
000000e8: 41600001  ; addi  x11, x0, 1
000000ec: a16a0078  ; sd    x11, 120(x10)
000000f0: 5a802000  ; lui   x20, 0x2000
000000f4: 41600001  ; addi  x11, x0, 1
000000f8: a5740008  ; sw    x11, 0x08(x20)
000000fc: 41600004  ; addi  x11, x0, 4
00000100: a574000c  ; sw    x11, 0x0C(x20)
00000104: a5740010  ; sw    x11, 0x10(x20)
00000108: a5740014  ; sw    x11, 0x14(x20)
0000010c: 59801000  ; lui   x12, 0x1000
00000110: a5940018  ; sw    x12, 0x18(x20)
00000114: 41ac0080  ; addi  x13, x12, 0x80
00000118: a5b4001c  ; sw    x13, 0x1C(x20)
0000011c: 41cc0100  ; addi  x14, x12, 0x100
00000120: a5d40020  ; sw    x14, 0x20(x20)
00000124: 41600020  ; addi  x11, x0, 32
00000128: a5740024  ; sw    x11, 0x24(x20)
0000012c: a5740028  ; sw    x11, 0x28(x20)
00000130: 41600080  ; addi  x11, x0, 128
00000134: a574002c  ; sw    x11, 0x2C(x20)
00000138: a4140034  ; sw    x0, 0x34(x20)
0000013c: 41600001  ; addi  x11, x0, 1
00000140: a5740000  ; sw    x11, 0x00(x20)
00000144: 41e00002  ; addi  x15, x0, 2
00000148: 92140004  ; lwu   x16, 0x04(x20)
0000014c: 46300007  ; andi  x17, x16, 7
00000150: c22f0008  ; beq   x17, x15, accel_done
00000154: d800fff4  ; jal   x0, accel_poll
00000158: 5aa03000  ; lui   x21, 0x3000
0000015c: 41cc0100  ; addi  x14, x12, 0x100
00000160: a5d50000  ; sw    x14, 0x00(x21)
00000164: 424c0400  ; addi  x18, x12, 0x400
00000168: a6550004  ; sw    x18, 0x04(x21)
0000016c: 41600200  ; addi  x11, x0, 512
00000170: a5750008  ; sw    x11, 0x08(x21)
00000174: 41600001  ; addi  x11, x0, 1
00000178: a575000c  ; sw    x11, 0x0C(x21)
0000017c: 92150010  ; lwu   x16, 0x10(x21)
00000180: 46300007  ; andi  x17, x16, 7
00000184: c22f0008  ; beq   x17, x15, dma_done
00000188: d800fff4  ; jal   x0, dma_poll
0000018c: f8000000  ; halt
PASS ASSEMBLER: strict build and tile image byte comparison
