288abae9a50e3fc19d9f2148ed18ae78eb37527a
 M compiler/alapeno_as.c
 M rtl/core/alapeno_pkg.sv
 M rtl/matrix/alapeno_matrix.sv
 M rtl/memory/alapeno_mem.sv
 M verification/HARDWARE_V1.md
 M verification/physical/bitcell_hold.sp
 M verification/physical/fa_tran.sp
 M verification/physical/inv_tran.sp
 M verification/rtl/tb_mac_ref.sv
 M verification/rtl/tb_tile4_rom.sv
?? .gitignore
?? Makefile
?? scripts/
?? verification/rtl/mem_reference.sv
?? verification/rtl/tb_geom_overlap.sv
?? verification/rtl/tb_mem_equiv.sv
?? verification/rtl/tb_project_capacity.sv
?? verification/rtl/tb_rect_bounds.sv
7da29c4c8abb8eae16a2f9a77e26c8463a20a1bbf6a4c2daecffe8c0551c4d3b  rtl/core/alapeno_pkg.sv
de1822df616808792890bc65953fa8e4ae543e0b638961a41984c487c7c57ea3  rtl/core/alapeno_core.sv
72fe2e47585012051b8ce093038937d4b5d8ef585b5464d63ba951b09a1fa8ee  rtl/mac/alapeno_mac.sv
6f9fb9516a827f86aa876e95dd0a6dd8669b0c2ad00e5e51fa108d65622a5450  rtl/matrix/alapeno_matrix.sv
4c75ca487c2a01916ed8458053a85ca14f79d245d4d03422440e795d84d3ac01  rtl/vector/alapeno_vector.sv
fda9bfa9ff9b35d240d25bb16b7c18db2cb701cd34626458726025e66124b05b  rtl/matrix/alapeno_accel.sv
afd5e25510492eb8e55476d77bc3f239802548f65ce5d014fd3c35644c39931b  rtl/matrix/alapeno_tile_ctrl.sv
5ed621aa80dbbb037754328e83f8c44f11f695b4494e67dc5e0888af6c6f6145  rtl/dma/alapeno_dma.sv
9ef709a23528e483961f37ea272cb6e0b7882bfa2e139a578fd6e9e79d8bf68e  rtl/memory/alapeno_mem.sv
176a22af8686977c90639119e7a7788de153aff5540e20fe08b748193d0f31a6  rtl/alapeno_top.sv
c3ef63aa02f1754abb956a14835f31a16a9c728dafbbf24e50fc142849e1b0d1  compiler/alapeno_as.c
303cf0abb0fb211b2a1c3dde9a55f61c51e482485d45ca74751aea148381f626  compiler/tile4.s
1bafd314151c3bca9f349427d5ecfde05414607e2635eb5cbe656704085f568f  scripts/common.sh
296642e43c36bf56d8ce58a8244a84f0444c9d352313e1262263b2df1a53dd8f  scripts/physical.sh
aefde29d868c6fbb27c04a5d111551332f5de5497a45d27dfd7a7d77d688b5ba  scripts/proofs.sh
38b1165a0cdf2e8247a1aa14dd1f2905569e619cd2b9bc7fc5465484661efa5e  scripts/regress.sh
ec70605595aaeebbb23e9fa5bc12fae36744088f9165ceac07adb02a494c2c8e  scripts/synth.sh
286a1f28661a6e4ccbd5b0554d57695f776731812386a9f8988f770d86215fd0  compiler/compile.mlw
6c84980eb8d99814411715e7e71f1603fd90ab4db62a11e0dc53a0f4f55982a0  why3/accelerator.mlw
e0d090ee0756e47a478b93ba2fbfa8db0e1d0072168ff8a0777acfdd542b9134  why3/arithmetic.mlw
6bce694e01eda2b09de7d35c35ad9047060c9deb563723318b770fb964154f00  why3/isa.mlw
2eeee3cc6ae6ccdcbed52d6ced9cd6ccf9936f8fd8a2de2bd12588f2d00cd6ea  why3/memory.mlw
20e6385415fd46f4975b754096aa78d6a5ec9fd8cbd3b8ee453b636cd65735f7  why3/tile.mlw
9fdd74b8ef1100d99828808813aee44568a19c3a062cc2db9e592cd3ab3d2a02  verification/isa/isa_check.mlw
Why3 platform, version 1.8.0
+ /tmp/why3 -C /tmp/alapeno-why3.conf prove -L compiler -L why3 -P Z3,4.13.3 -a split_vc -t 10 compiler/compile.mlw
File "compiler/compile.mlw", line 105, characters 45-58:
Sub-goal Precondition of goal imm16_bits'vc.
Prover result is: Valid (0.01s, 14 steps).

File "compiler/compile.mlw", line 158, character 6 to line 159, character 41:
Sub-goal Postcondition of goal compile_zmac_then_halt'vc.
Prover result is: Valid (0.00s, 6440 steps).

File "compiler/compile.mlw", line 164, character 6 to line 165, character 40:
Sub-goal Postcondition of goal compile_add_then_halt'vc.
Prover result is: Valid (0.00s, 13081 steps).

File "compiler/compile.mlw", line 170, character 6 to line 171, character 61:
Sub-goal Postcondition of goal compile_mullo_then_add'vc.
Prover result is: Valid (0.00s, 7451 steps).

File "compiler/compile.mlw", line 175, characters 14-42:
Sub-goal Postcondition of goal encode_add_x1_x2_x3'vc.
Prover result is: Valid (0.00s, 17821 steps).

File "compiler/compile.mlw", line 179, characters 14-72:
Sub-goal Postcondition of goal z_funct3_table'vc.
Prover result is: Valid (0.00s, 1898 steps).

File "compiler/compile.mlw", line 180, characters 14-70:
Sub-goal Postcondition of goal z_funct3_table'vc.
Prover result is: Valid (0.00s, 1899 steps).

File "compiler/compile.mlw", line 181, characters 14-27:
Sub-goal Postcondition of goal z_funct3_table'vc.
Prover result is: Valid (0.00s, 1900 steps).

File "compiler/compile.mlw", line 185, characters 14-44:
Sub-goal Postcondition of goal compiles_is_compile'vc.
Prover result is: Valid (0.00s, 18245 steps).

File "compiler/compile.mlw", line 203, characters 38-49:
Sub-goal Precondition of goal low64'vc.
Prover result is: Valid (0.00s, 1951 steps).

File "compiler/compile.mlw", line 205, characters 41-59:
Sub-goal Precondition of goal pc_add4'vc.
Prover result is: Valid (0.00s, 1951 steps).

File "compiler/compile.mlw", line 239, characters 12-22:
Sub-goal Precondition of goal do_ld'vc.
Prover result is: Valid (0.01s, 2084 steps).

File "compiler/compile.mlw", line 248, characters 12-22:
Sub-goal Precondition of goal do_sd'vc.
Prover result is: Valid (0.01s, 2084 steps).

File "compiler/compile.mlw", line 264, characters 12-34:
Sub-goal Precondition of goal do_modp'vc.
Prover result is: Valid (0.01s, 2053 steps).

File "compiler/compile.mlw", line 271, characters 23-52:
Sub-goal Variant decrease of goal elem_sum'vc.
Prover result is: Valid (0.01s, 1998 steps).

File "compiler/compile.mlw", line 271, characters 23-52:
Sub-goal Precondition of goal elem_sum'vc.
Prover result is: Valid (0.00s, 17842 steps).

File "compiler/compile.mlw", line 278, characters 12-22:
Sub-goal Precondition of goal do_red_sum'vc.
Prover result is: Valid (0.01s, 2102 steps).

File "compiler/compile.mlw", line 289, characters 16-39:
Sub-goal Precondition of goal do_red_sum'vc.
Prover result is: Valid (0.00s, 3200 steps).

File "compiler/compile.mlw", line 329, characters 13-50:
Sub-goal Variant decrease of goal exec_src'vc.
Prover result is: Valid (0.00s, 1836 steps).

File "compiler/compile.mlw", line 329, characters 13-50:
Sub-goal Precondition of goal exec_src'vc.
Prover result is: Valid (0.01s, 16155 steps).

File "compiler/compile.mlw", line 340, characters 13-49:
Sub-goal Variant decrease of goal exec_isa'vc.
Prover result is: Valid (0.00s, 1840 steps).

File "compiler/compile.mlw", line 340, characters 13-49:
Sub-goal Precondition of goal exec_isa'vc.
Prover result is: Valid (0.01s, 16985 steps).

File "compiler/compile.mlw", line 344, character 14 to line 345, character 44:
Sub-goal Postcondition of goal step_sadd'vc.
Prover result is: Valid (0.01s, 41465 steps).

File "compiler/compile.mlw", line 346, characters 14-44:
Sub-goal Postcondition of goal step_sadd'vc.
Prover result is: Valid (0.01s, 40748 steps).

File "compiler/compile.mlw", line 347, characters 14-58:
Sub-goal Postcondition of goal step_sadd'vc.
Prover result is: Valid (0.02s, 41447 steps).

File "compiler/compile.mlw", line 351, character 14 to line 352, character 45:
Sub-goal Postcondition of goal step_saddi'vc.
Prover result is: Valid (0.01s, 42758 steps).

File "compiler/compile.mlw", line 353, characters 14-45:
Sub-goal Postcondition of goal step_saddi'vc.
Prover result is: Valid (0.01s, 41687 steps).

File "compiler/compile.mlw", line 354, characters 14-59:
Sub-goal Postcondition of goal step_saddi'vc.
Prover result is: Valid (0.01s, 42198 steps).

File "compiler/compile.mlw", line 358, character 14 to line 359, character 46:
Sub-goal Postcondition of goal step_smullo'vc.
Prover result is: Valid (0.01s, 43410 steps).

File "compiler/compile.mlw", line 360, characters 14-46:
Sub-goal Postcondition of goal step_smullo'vc.
Prover result is: Valid (0.01s, 42388 steps).

File "compiler/compile.mlw", line 361, characters 14-60:
Sub-goal Postcondition of goal step_smullo'vc.
Prover result is: Valid (0.01s, 42899 steps).

File "compiler/compile.mlw", line 365, character 14 to line 366, character 43:
Sub-goal Postcondition of goal step_sld'vc.
Prover result is: Valid (0.01s, 44218 steps).

File "compiler/compile.mlw", line 367, characters 14-43:
Sub-goal Postcondition of goal step_sld'vc.
Prover result is: Valid (0.01s, 43115 steps).

File "compiler/compile.mlw", line 368, characters 14-57:
Sub-goal Postcondition of goal step_sld'vc.
Prover result is: Valid (0.01s, 43628 steps).

File "compiler/compile.mlw", line 372, character 14 to line 373, character 44:
Sub-goal Postcondition of goal step_ssd'vc.
Prover result is: Valid (0.01s, 44916 steps).

File "compiler/compile.mlw", line 374, characters 14-44:
Sub-goal Postcondition of goal step_ssd'vc.
Prover result is: Valid (0.01s, 43816 steps).

File "compiler/compile.mlw", line 375, characters 14-58:
Sub-goal Postcondition of goal step_ssd'vc.
Prover result is: Valid (0.01s, 44331 steps).

File "compiler/compile.mlw", line 379, character 14 to line 380, character 45:
Sub-goal Postcondition of goal step_szmac'vc.
Prover result is: Valid (0.01s, 45590 steps).

File "compiler/compile.mlw", line 381, characters 14-45:
Sub-goal Postcondition of goal step_szmac'vc.
Prover result is: Valid (0.02s, 44517 steps).

File "compiler/compile.mlw", line 382, characters 14-59:
Sub-goal Postcondition of goal step_szmac'vc.
Prover result is: Valid (0.01s, 45032 steps).

File "compiler/compile.mlw", line 386, character 14 to line 387, character 40:
Sub-goal Postcondition of goal step_smodp'vc.
Prover result is: Valid (0.01s, 46332 steps).

File "compiler/compile.mlw", line 388, characters 14-40:
Sub-goal Postcondition of goal step_smodp'vc.
Prover result is: Valid (0.01s, 45231 steps).

File "compiler/compile.mlw", line 389, characters 14-54:
Sub-goal Postcondition of goal step_smodp'vc.
Prover result is: Valid (0.01s, 45742 steps).

File "compiler/compile.mlw", line 393, character 14 to line 394, character 47:
Sub-goal Postcondition of goal step_sred'vc.
Prover result is: Valid (0.02s, 47288 steps).

File "compiler/compile.mlw", line 395, characters 14-47:
Sub-goal Postcondition of goal step_sred'vc.
Prover result is: Valid (0.02s, 45945 steps).

File "compiler/compile.mlw", line 396, characters 14-61:
Sub-goal Postcondition of goal step_sred'vc.
Prover result is: Valid (0.01s, 46464 steps).

File "compiler/compile.mlw", line 400, characters 14-63:
Sub-goal Postcondition of goal step_shalt'vc.
Prover result is: Valid (0.01s, 44339 steps).

File "compiler/compile.mlw", line 401, characters 14-28:
Sub-goal Postcondition of goal step_shalt'vc.
Prover result is: Valid (0.01s, 42759 steps).

File "compiler/compile.mlw", line 402, characters 14-42:
Sub-goal Postcondition of goal step_shalt'vc.
Prover result is: Valid (0.01s, 43173 steps).

File "compiler/compile.mlw", line 403, characters 14-33:
Sub-goal Postcondition of goal step_shalt'vc.
Prover result is: Valid (0.00s, 43376 steps).

File "compiler/compile.mlw", line 408, characters 14-25:
Sub-goal Postcondition of goal low64_small'vc.
Prover result is: Valid (0.02s, 52909 steps).

File "compiler/compile.mlw", line 412, characters 14-54:
Sub-goal Postcondition of goal x0_after_add_x0'vc.
Prover result is: Valid (0.01s, 47674 steps).

File "compiler/compile.mlw", line 413, characters 14-50:
Sub-goal Postcondition of goal x0_after_add_x0'vc.
Prover result is: Valid (0.02s, 48820 steps).

File "compiler/compile.mlw", line 417, characters 14-54:
Sub-goal Postcondition of goal x0_after_add_x1'vc.
Prover result is: Valid (0.02s, 48189 steps).

File "compiler/compile.mlw", line 423, characters 14-54:
Sub-goal Postcondition of goal add_wrap_not_a_trap'vc.
Prover result is: Valid (0.01s, 52242 steps).

File "compiler/compile.mlw", line 424, characters 14-64:
Sub-goal Postcondition of goal add_wrap_not_a_trap'vc.
Prover result is: Valid (0.01s, 44424 steps).

File "compiler/compile.mlw", line 425, characters 14-56:
Sub-goal Postcondition of goal add_wrap_not_a_trap'vc.
Prover result is: Valid (0.01s, 45692 steps).

File "compiler/compile.mlw", line 426, characters 14-50:
Sub-goal Postcondition of goal add_wrap_not_a_trap'vc.
Prover result is: Valid (0.02s, 45847 steps).

File "compiler/compile.mlw", line 427, characters 14-56:
Sub-goal Postcondition of goal add_wrap_not_a_trap'vc.
Prover result is: Valid (0.01s, 45846 steps).

File "compiler/compile.mlw", line 434, characters 14-56:
Sub-goal Postcondition of goal zmac_worked'vc.
Prover result is: Valid (0.01s, 48784 steps).

File "compiler/compile.mlw", line 435, character 14 to line 437, character 55:
Sub-goal Postcondition of goal zmac_worked'vc.
Prover result is: Valid (0.01s, 48658 steps).

File "compiler/compile.mlw", line 438, characters 14-57:
Sub-goal Postcondition of goal zmac_worked'vc.
Prover result is: Valid (0.02s, 49354 steps).

File "compiler/compile.mlw", line 443, characters 14-57:
Sub-goal Postcondition of goal modp_neg_one'vc.
Prover result is: Valid (0.01s, 50988 steps).

File "compiler/compile.mlw", line 444, characters 14-72:
Sub-goal Postcondition of goal modp_neg_one'vc.
Prover result is: Valid (0.00s, 5238 steps).

File "compiler/compile.mlw", line 449, characters 14-53:
Sub-goal Postcondition of goal modp_zero'vc.
Prover result is: Valid (0.01s, 51741 steps).

File "compiler/compile.mlw", line 454, characters 14-53:
Sub-goal Postcondition of goal modp_p'vc.
Prover result is: Valid (0.01s, 52129 steps).

File "compiler/compile.mlw", line 459, characters 14-53:
Sub-goal Postcondition of goal modp_p_plus_5'vc.
Prover result is: Valid (0.01s, 59910 steps).

File "compiler/compile.mlw", line 465, characters 14-57:
Sub-goal Postcondition of goal red_len0'vc.
Prover result is: Valid (0.02s, 61175 steps).

File "compiler/compile.mlw", line 466, characters 14-59:
Sub-goal Postcondition of goal red_len0'vc.
Prover result is: Valid (0.02s, 61378 steps).

File "compiler/compile.mlw", line 474, characters 14-64:
Sub-goal Postcondition of goal red_two_word_sum'vc.
Prover result is: Valid (0.02s, 65509 steps).

File "compiler/compile.mlw", line 475, character 14 to line 476, character 67:
Sub-goal Postcondition of goal red_two_word_sum'vc.
Prover result is: Valid (0.01s, 54735 steps).

File "compiler/compile.mlw", line 480, characters 14-71:
Sub-goal Postcondition of goal elem_sum_len2'vc.
Prover result is: Valid (0.01s, 54729 steps).

File "compiler/compile.mlw", line 490, character 6 to line 491, character 50:
Sub-goal Postcondition of goal exec_at_add'vc.
Prover result is: Valid (0.03s, 133319 steps).

File "compiler/compile.mlw", line 501, character 6 to line 502, character 51:
Sub-goal Postcondition of goal exec_at_addi'vc.
Prover result is: Valid (0.04s, 129710 steps).

File "compiler/compile.mlw", line 512, character 6 to line 513, character 52:
Sub-goal Postcondition of goal exec_at_mullo'vc.
Prover result is: Valid (0.04s, 134671 steps).

File "compiler/compile.mlw", line 523, character 6 to line 524, character 49:
Sub-goal Postcondition of goal exec_at_ld'vc.
Prover result is: Valid (0.05s, 134616 steps).

File "compiler/compile.mlw", line 534, character 6 to line 535, character 50:
Sub-goal Postcondition of goal exec_at_sd'vc.
Prover result is: Valid (0.04s, 134732 steps).

File "compiler/compile.mlw", line 545, character 6 to line 546, character 51:
Sub-goal Postcondition of goal exec_at_zmac'vc.
Prover result is: Valid (0.05s, 150229 steps).

File "compiler/compile.mlw", line 556, character 6 to line 557, character 46:
Sub-goal Postcondition of goal exec_at_modp'vc.
Prover result is: Valid (0.04s, 129102 steps).

File "compiler/compile.mlw", line 567, character 6 to line 568, character 53:
Sub-goal Postcondition of goal exec_at_red'vc.
Prover result is: Valid (0.06s, 163316 steps).

File "compiler/compile.mlw", line 573, characters 14-44:
Sub-goal Postcondition of goal exec_halt_stops'vc.
Prover result is: Valid (0.02s, 65334 steps).

File "compiler/compile.mlw", line 582, characters 13-50:
Sub-goal Precondition of goal exec_at_halt'vc.
Prover result is: Valid (0.01s, 6935 steps).

File "compiler/compile.mlw", line 583, characters 21-64:
Sub-goal Precondition of goal exec_at_halt'vc.
Prover result is: Valid (0.00s, 6939 steps).

File "compiler/compile.mlw", line 579, character 6 to line 580, character 38:
Sub-goal Postcondition of goal exec_at_halt'vc.
Prover result is: Valid (0.02s, 74881 steps).

File "compiler/compile.mlw", line 587, characters 14-55:
Sub-goal Postcondition of goal exec_at_zero'vc.
Prover result is: Valid (0.02s, 66401 steps).

File "compiler/compile.mlw", line 592, characters 14-71:
Sub-goal Postcondition of goal exec_at_nil'vc.
Prover result is: Valid (0.03s, 65314 steps).

File "compiler/compile.mlw", line 601, characters 13-28:
Sub-goal Precondition of goal compile_exec_eq'vc.
Prover result is: Valid (0.00s, 7027 steps).

File "compiler/compile.mlw", line 605, characters 12-56:
Sub-goal Variant decrease of goal compile_exec_eq'vc.
Prover result is: Valid (0.00s, 19802 steps).

File "compiler/compile.mlw", line 605, characters 12-56:
Sub-goal Precondition of goal compile_exec_eq'vc.
Prover result is: Valid (0.02s, 65824 steps).

File "compiler/compile.mlw", line 606, characters 12-43:
Sub-goal Precondition of goal compile_exec_eq'vc.
Prover result is: Valid (0.01s, 66634 steps).

File "compiler/compile.mlw", line 606, characters 12-43:
Sub-goal Precondition of goal compile_exec_eq'vc.
Prover result is: Valid (0.01s, 6547 steps).

File "compiler/compile.mlw", line 608, characters 12-56:
Sub-goal Variant decrease of goal compile_exec_eq'vc.
Prover result is: Valid (0.00s, 19802 steps).

File "compiler/compile.mlw", line 608, characters 12-56:
Sub-goal Precondition of goal compile_exec_eq'vc.
Prover result is: Valid (0.01s, 65824 steps).

File "compiler/compile.mlw", line 609, characters 12-44:
Sub-goal Precondition of goal compile_exec_eq'vc.
Prover result is: Valid (0.01s, 66634 steps).

File "compiler/compile.mlw", line 609, characters 12-44:
Sub-goal Precondition of goal compile_exec_eq'vc.
Prover result is: Valid (0.00s, 6547 steps).

File "compiler/compile.mlw", line 611, characters 12-56:
Sub-goal Variant decrease of goal compile_exec_eq'vc.
Prover result is: Valid (0.00s, 19802 steps).

File "compiler/compile.mlw", line 611, characters 12-56:
Sub-goal Precondition of goal compile_exec_eq'vc.
Prover result is: Valid (0.02s, 65824 steps).

File "compiler/compile.mlw", line 612, characters 12-45:
Sub-goal Precondition of goal compile_exec_eq'vc.
Prover result is: Valid (0.02s, 66634 steps).

File "compiler/compile.mlw", line 612, characters 12-45:
Sub-goal Precondition of goal compile_exec_eq'vc.
Prover result is: Valid (0.00s, 6547 steps).

File "compiler/compile.mlw", line 614, characters 12-56:
Sub-goal Variant decrease of goal compile_exec_eq'vc.
Prover result is: Valid (0.01s, 19802 steps).

File "compiler/compile.mlw", line 614, characters 12-56:
Sub-goal Precondition of goal compile_exec_eq'vc.
Prover result is: Valid (0.01s, 65824 steps).

File "compiler/compile.mlw", line 615, characters 12-42:
Sub-goal Precondition of goal compile_exec_eq'vc.
Prover result is: Valid (0.01s, 66634 steps).

File "compiler/compile.mlw", line 615, characters 12-42:
Sub-goal Precondition of goal compile_exec_eq'vc.
Prover result is: Valid (0.01s, 6547 steps).

File "compiler/compile.mlw", line 617, characters 12-56:
Sub-goal Variant decrease of goal compile_exec_eq'vc.
Prover result is: Valid (0.01s, 19802 steps).

File "compiler/compile.mlw", line 617, characters 12-56:
Sub-goal Precondition of goal compile_exec_eq'vc.
Prover result is: Valid (0.01s, 65824 steps).

File "compiler/compile.mlw", line 618, characters 12-43:
Sub-goal Precondition of goal compile_exec_eq'vc.
Prover result is: Valid (0.01s, 66634 steps).

File "compiler/compile.mlw", line 618, characters 12-43:
Sub-goal Precondition of goal compile_exec_eq'vc.
Prover result is: Valid (0.01s, 6547 steps).

File "compiler/compile.mlw", line 620, characters 12-56:
Sub-goal Variant decrease of goal compile_exec_eq'vc.
Prover result is: Valid (0.01s, 19802 steps).

File "compiler/compile.mlw", line 620, characters 12-56:
Sub-goal Precondition of goal compile_exec_eq'vc.
Prover result is: Valid (0.02s, 65824 steps).

File "compiler/compile.mlw", line 621, characters 12-44:
Sub-goal Precondition of goal compile_exec_eq'vc.
Prover result is: Valid (0.01s, 66634 steps).

File "compiler/compile.mlw", line 621, characters 12-44:
Sub-goal Precondition of goal compile_exec_eq'vc.
Prover result is: Valid (0.00s, 6547 steps).

File "compiler/compile.mlw", line 623, characters 12-56:
Sub-goal Variant decrease of goal compile_exec_eq'vc.
Prover result is: Valid (0.00s, 19798 steps).

File "compiler/compile.mlw", line 623, characters 12-56:
Sub-goal Precondition of goal compile_exec_eq'vc.
Prover result is: Valid (0.01s, 65820 steps).

File "compiler/compile.mlw", line 624, characters 12-39:
Sub-goal Precondition of goal compile_exec_eq'vc.
Prover result is: Valid (0.01s, 66625 steps).

File "compiler/compile.mlw", line 624, characters 12-39:
Sub-goal Precondition of goal compile_exec_eq'vc.
Prover result is: Valid (0.00s, 6547 steps).

File "compiler/compile.mlw", line 626, characters 12-56:
Sub-goal Variant decrease of goal compile_exec_eq'vc.
Prover result is: Valid (0.01s, 19802 steps).

File "compiler/compile.mlw", line 626, characters 12-56:
Sub-goal Precondition of goal compile_exec_eq'vc.
Prover result is: Valid (0.01s, 65824 steps).

File "compiler/compile.mlw", line 627, characters 12-43:
Sub-goal Precondition of goal compile_exec_eq'vc.
Prover result is: Valid (0.01s, 66634 steps).

File "compiler/compile.mlw", line 627, characters 12-43:
Sub-goal Precondition of goal compile_exec_eq'vc.
Prover result is: Valid (0.01s, 6547 steps).

File "compiler/compile.mlw", line 628, characters 19-40:
Sub-goal Precondition of goal compile_exec_eq'vc.
Prover result is: Valid (0.02s, 65784 steps).

File "compiler/compile.mlw", line 598, characters 14-55:
Sub-goal Postcondition of goal compile_exec_eq'vc.
Prover result is: Valid (0.03s, 81195 steps).

+ echo 'why3_exit 0'
why3_exit 0
