=== command ===
iverilog -g2012 -I /workspace/alapeno/rtl/core -o /tmp/les_diff.vvp \
  /workspace/alapeno/rtl/core/alapeno_pkg.sv \
  /workspace/alapeno/rtl/matrix/alapeno_matrix.sv \
  /workspace/alapeno/verification/rtl/tb_les_diff.sv && vvp /tmp/les_diff.vvp
=== combined stdout/stderr ===
/workspace/alapeno/rtl/matrix/alapeno_matrix.sv:76: sorry: constant selects in always_* processes are not currently supported (all bits will be included).
PASS reset: complete=0 fail=0 publish=0 (idle)
C[0] expected=18 (0000000000000000000000000000000000000000000000000000000000000012) actual=18 (0000000000000000000000000000000000000000000000000000000000000012)
C[1] expected=18 (0000000000000000000000000000000000000000000000000000000000000012) actual=18 (0000000000000000000000000000000000000000000000000000000000000012)
C[2] expected=12 (000000000000000000000000000000000000000000000000000000000000000c) actual=12 (000000000000000000000000000000000000000000000000000000000000000c)
C[3] expected=16 (0000000000000000000000000000000000000000000000000000000000000010) actual=16 (0000000000000000000000000000000000000000000000000000000000000010)
C[4] expected=23 (0000000000000000000000000000000000000000000000000000000000000017) actual=23 (0000000000000000000000000000000000000000000000000000000000000017)
C[5] expected=22 (0000000000000000000000000000000000000000000000000000000000000016) actual=22 (0000000000000000000000000000000000000000000000000000000000000016)
C[6] expected=12 (000000000000000000000000000000000000000000000000000000000000000c) actual=12 (000000000000000000000000000000000000000000000000000000000000000c)
C[7] expected=19 (0000000000000000000000000000000000000000000000000000000000000013) actual=19 (0000000000000000000000000000000000000000000000000000000000000013)
C[8] expected=19 (0000000000000000000000000000000000000000000000000000000000000013) actual=19 (0000000000000000000000000000000000000000000000000000000000000013)
C[9] expected=29 (000000000000000000000000000000000000000000000000000000000000001d) actual=29 (000000000000000000000000000000000000000000000000000000000000001d)
C[10] expected=18 (0000000000000000000000000000000000000000000000000000000000000012) actual=18 (0000000000000000000000000000000000000000000000000000000000000012)
C[11] expected=29 (000000000000000000000000000000000000000000000000000000000000001d) actual=29 (000000000000000000000000000000000000000000000000000000000000001d)
C[12] expected=6 (0000000000000000000000000000000000000000000000000000000000000006) actual=6 (0000000000000000000000000000000000000000000000000000000000000006)
C[13] expected=15 (000000000000000000000000000000000000000000000000000000000000000f) actual=15 (000000000000000000000000000000000000000000000000000000000000000f)
C[14] expected=10 (000000000000000000000000000000000000000000000000000000000000000a) actual=10 (000000000000000000000000000000000000000000000000000000000000000a)
C[15] expected=15 (000000000000000000000000000000000000000000000000000000000000000f) actual=15 (000000000000000000000000000000000000000000000000000000000000000f)
PASS LES: 4x4x4 non-field MATMUL C bit-exact (TILE known)
OVF not a tile stimulus: TILE.md section 5. K signed-64 products stay in signed 256 for K <= 2^129-1. This tile K=4. Legal accelerator K <= 64. Cite tile_k4_cannot_overflow (Why3 did not print it Valid) and tile_overflow_faults_without_write for the general rule. No faked M_BAD. No K above 64.
all LES differential checks matched (4x4 C; overflow not a legal-K stimulus)
=== iverilog_exit 0 vvp_exit 0 ===
