=== iverilog tb_porta_contest ===
command: iverilog -g2012 -I /workspace/alapeno/rtl/core -o /tmp/porta_contest.vvp /workspace/alapeno/rtl/core/alapeno_pkg.sv /workspace/alapeno/rtl/matrix/alapeno_matrix.sv /workspace/alapeno/rtl/vector/alapeno_vector.sv /workspace/alapeno/rtl/matrix/alapeno_accel.sv /workspace/alapeno/rtl/dma/alapeno_dma.sv /workspace/alapeno/rtl/memory/alapeno_mem.sv /workspace/alapeno/verification/rtl/tb_porta_contest.sv
/workspace/alapeno/rtl/dma/alapeno_dma.sv:49: sorry: constant selects in always_* processes are not currently supported (all bits will be included).
/workspace/alapeno/rtl/dma/alapeno_dma.sv:49: sorry: constant selects in always_* processes are not currently supported (all bits will be included).
/workspace/alapeno/rtl/dma/alapeno_dma.sv:49: sorry: constant selects in always_* processes are not currently supported (all bits will be included).
/workspace/alapeno/rtl/dma/alapeno_dma.sv:49: sorry: constant selects in always_* processes are not currently supported (all bits will be included).
/workspace/alapeno/rtl/dma/alapeno_dma.sv:49: sorry: constant selects in always_* processes are not currently supported (all bits will be included).
/workspace/alapeno/rtl/dma/alapeno_dma.sv:49: sorry: constant selects in always_* processes are not currently supported (all bits will be included).
/workspace/alapeno/rtl/dma/alapeno_dma.sv:49: sorry: constant selects in always_* processes are not currently supported (all bits will be included).
/workspace/alapeno/rtl/dma/alapeno_dma.sv:49: sorry: constant selects in always_* processes are not currently supported (all bits will be included).
/workspace/alapeno/rtl/matrix/alapeno_matrix.sv:79: sorry: constant selects in always_* processes are not currently supported (all bits will be included).
/workspace/alapeno/rtl/vector/alapeno_vector.sv:58: sorry: constant selects in always_* processes are not currently supported (all bits will be included).
/workspace/alapeno/rtl/matrix/alapeno_accel.sv:81: sorry: constant selects in always_* processes are not currently supported (all bits will be included).
/workspace/alapeno/rtl/matrix/alapeno_accel.sv:81: sorry: constant selects in always_* processes are not currently supported (all bits will be included).
/workspace/alapeno/rtl/matrix/alapeno_accel.sv:81: sorry: constant selects in always_* processes are not currently supported (all bits will be included).
/workspace/alapeno/rtl/matrix/alapeno_accel.sv:81: sorry: constant selects in always_* processes are not currently supported (all bits will be included).
/workspace/alapeno/rtl/matrix/alapeno_accel.sv:81: sorry: constant selects in always_* processes are not currently supported (all bits will be included).
/workspace/alapeno/rtl/matrix/alapeno_accel.sv:81: sorry: constant selects in always_* processes are not currently supported (all bits will be included).
/workspace/alapeno/rtl/matrix/alapeno_accel.sv:81: sorry: constant selects in always_* processes are not currently supported (all bits will be included).
/workspace/alapeno/rtl/matrix/alapeno_accel.sv:81: sorry: constant selects in always_* processes are not currently supported (all bits will be included).
/workspace/alapeno/rtl/matrix/alapeno_accel.sv:81: sorry: constant selects in always_* processes are not currently supported (all bits will be included).
/workspace/alapeno/rtl/matrix/alapeno_accel.sv:81: sorry: constant selects in always_* processes are not currently supported (all bits will be included).
/workspace/alapeno/rtl/matrix/alapeno_accel.sv:81: sorry: constant selects in always_* processes are not currently supported (all bits will be included).
/workspace/alapeno/rtl/matrix/alapeno_accel.sv:81: sorry: constant selects in always_* processes are not currently supported (all bits will be included).
/workspace/alapeno/rtl/matrix/alapeno_accel.sv:81: sorry: constant selects in always_* processes are not currently supported (all bits will be included).
/workspace/alapeno/rtl/matrix/alapeno_accel.sv:81: sorry: constant selects in always_* processes are not currently supported (all bits will be included).
/workspace/alapeno/rtl/matrix/alapeno_accel.sv:81: sorry: constant selects in always_* processes are not currently supported (all bits will be included).
/workspace/alapeno/rtl/matrix/alapeno_accel.sv:81: sorry: constant selects in always_* processes are not currently supported (all bits will be included).
iverilog_exit 0
=== vvp tb_porta_contest ===
command: vvp /tmp/porta_contest.vvp
split stored b0=11 b1=22 mem_conflict=0
contest stored=aa mem_conflict=1 a_next=aa b_next=aa a_rdata=00 b_rdata=00
DMA STATUS=00000008 ACCEL STATUS=00000008
PASS PORT A: stored 0xAA, same-cycle read mux 0xAA, split 0x11/0x22 both stored, STATUS bit3 set in DMA and accel
vvp_exit 0
