git rev-parse HEAD: 7d67e15c7f3052602fa235aa66183763bda29e29
bench: tile4
cmd: iverilog -g2012 -I /workspace/alapeno/rtl/core -o /tmp/alapeno_tile4_rom.vvp rtl/core/alapeno_pkg.sv rtl/core/alapeno_core.sv rtl/matrix/alapeno_matrix.sv rtl/vector/alapeno_vector.sv rtl/matrix/alapeno_accel.sv rtl/dma/alapeno_dma.sv rtl/memory/alapeno_mem.sv rtl/alapeno_top.sv verification/rtl/tb_tile4_rom.sv
iverilog_exit: 0
iverilog_stderr_bytes: 0
----- iverilog stderr -----
----- end iverilog stderr -----
vvp_exit: 0
vvp_stderr_bytes: 0
----- vvp stdout -----
fread tile4.bin bytes=400
loaded tile4.bin unchanged at rom[0] (400 bytes) word0=59401000
stop cycles=621 pc=0000018c tcause=00000000 tpc=00000000 halted=1
OBS accel busy=0 done=1 fault=0
OBS dma busy=0 done=1 fault=0
COPY[0] expected=18 (0000000000000000000000000000000000000000000000000000000000000012) actual=18 (0000000000000000000000000000000000000000000000000000000000000012)
COPY[1] expected=18 (0000000000000000000000000000000000000000000000000000000000000012) actual=18 (0000000000000000000000000000000000000000000000000000000000000012)
COPY[2] expected=12 (000000000000000000000000000000000000000000000000000000000000000c) actual=12 (000000000000000000000000000000000000000000000000000000000000000c)
COPY[3] expected=16 (0000000000000000000000000000000000000000000000000000000000000010) actual=16 (0000000000000000000000000000000000000000000000000000000000000010)
COPY[4] expected=23 (0000000000000000000000000000000000000000000000000000000000000017) actual=23 (0000000000000000000000000000000000000000000000000000000000000017)
COPY[5] expected=22 (0000000000000000000000000000000000000000000000000000000000000016) actual=22 (0000000000000000000000000000000000000000000000000000000000000016)
COPY[6] expected=12 (000000000000000000000000000000000000000000000000000000000000000c) actual=12 (000000000000000000000000000000000000000000000000000000000000000c)
COPY[7] expected=19 (0000000000000000000000000000000000000000000000000000000000000013) actual=19 (0000000000000000000000000000000000000000000000000000000000000013)
COPY[8] expected=19 (0000000000000000000000000000000000000000000000000000000000000013) actual=19 (0000000000000000000000000000000000000000000000000000000000000013)
COPY[9] expected=29 (000000000000000000000000000000000000000000000000000000000000001d) actual=29 (000000000000000000000000000000000000000000000000000000000000001d)
COPY[10] expected=18 (0000000000000000000000000000000000000000000000000000000000000012) actual=18 (0000000000000000000000000000000000000000000000000000000000000012)
COPY[11] expected=29 (000000000000000000000000000000000000000000000000000000000000001d) actual=29 (000000000000000000000000000000000000000000000000000000000000001d)
COPY[12] expected=6 (0000000000000000000000000000000000000000000000000000000000000006) actual=6 (0000000000000000000000000000000000000000000000000000000000000006)
COPY[13] expected=15 (000000000000000000000000000000000000000000000000000000000000000f) actual=15 (000000000000000000000000000000000000000000000000000000000000000f)
COPY[14] expected=10 (000000000000000000000000000000000000000000000000000000000000000a) actual=10 (000000000000000000000000000000000000000000000000000000000000000a)
COPY[15] expected=15 (000000000000000000000000000000000000000000000000000000000000000f) actual=15 (000000000000000000000000000000000000000000000000000000000000000f)
PASS TILE4 ROM: all 512 copy bytes matched at 0x10000400 (tile4.bin loaded unchanged)
----- end vvp stdout -----
----- vvp stderr -----
----- end vvp stderr -----
pass_line: present
